07-11 19:33:51.816 D/        (12253): Gralloc Register  w:720, h:1440, f:0x1, usage:0xb00, ui64Stamp:164759, sSize:4149248, line = 2106
07-11 19:33:51.816 D/WearableSDK(12300): Connectivity::broadcastWifiResults() --> SideLink List: []
07-11 19:33:51.813 D/WearableSDK(12300): Connectivity::broadcastWifiResults() --> DirectLink List: []
07-11 19:33:51.816 D/        (12253): Gralloc Register  w:720, h:1440, f:0x1, usage:0xb00, ui64Stamp:164759, sSize:4149248, line = 2106
07-11 19:33:51.816 D/WearableSDK(12300): Connectivity::broadcastWifiResults() --> SideLink List: []
07-11 19:33:51.859 D/        (12253): Gralloc Register  w:720, h:1440, f:0x1, usage:0xb00, ui64Stamp:164770, sSize:4149248, line = 2106
07-11 19:33:51.859 D/        (12253): Gralloc Register  w:720, h:1440, f:0x1, usage:0xb00, ui64Stamp:164770, sSize:4149248, line = 2106
07-11 19:33:51.877 D/        (12253): Gralloc Register  w:720, h:1440, f:0x1, usage:0xb00, ui64Stamp:164773, sSize:4149248, line = 2106
07-11 19:33:51.877 D/        (12253): Gralloc Register  w:720, h:1440, f:0x1, usage:0xb00, ui64Stamp:164773, sSize:4149248, line = 2106
07-11 19:33:52.068 D/WearableSDK(12300): Connectivity::broadcastWifiResults() --> DirectLink List: []
07-11 19:33:52.068 D/WearableSDK(12300): Connectivity::broadcastWifiResults() --> DirectLink List: []
07-11 19:33:52.070 D/WearableSDK(12300): Connectivity::broadcastWifiResults() --> SideLink List: []
07-11 19:33:52.070 D/WearableSDK(12300): Connectivity::broadcastWifiResults() --> SideLink List: []
07-11 19:33:52.076 D/WearableSDK(12300): Connectivity::broadcastWifiResults() --> DirectLink List: []
07-11 19:33:52.076 D/WearableSDK(12300): Connectivity::broadcastWifiResults() --> DirectLink List: []
07-11 19:33:52.077 D/WearableSDK(12300): Connectivity::broadcastWifiResults() --> SideLink List: []
07-11 19:33:52.077 D/WearableSDK(12300): Connectivity::broadcastWifiResults() --> SideLink List: []
07-11 19:33:52.294 D/        (12253): Gralloc UnRegister  w:720, h:1440, f:0x1, usage:0xb00, ui64Stamp:164749 line = 2218
07-11 19:33:52.294 D/        (12253): Gralloc UnRegister  w:720, h:1440, f:0x1, usage:0xb00, ui64Stamp:164749 line = 2218
07-11 19:33:52.294 D/        (12253): Gralloc UnRegister  w:720, h:1440, f:0x1, usage:0xb00, ui64Stamp:164653 line = 2218
07-11 19:33:52.294 D/        (12253): Gralloc UnRegister  w:720, h:1440, f:0x1, usage:0xb00, ui64Stamp:164653 line = 2218
07-11 19:33:52.294 D/        (12253): Gralloc UnRegister  w:720, h:1440, f:0x1, usage:0xb00, ui64Stamp:164627 line = 2218
07-11 19:33:52.294 D/        (12253): Gralloc UnRegister  w:720, h:1440, f:0x1, usage:0xb00, ui64Stamp:164627 line = 2218
07-11 19:33:52.324 D/WearableSDK(12300): Connectivity::broadcastWifiResults() --> DirectLink List: []
07-11 19:33:52.324 D/WearableSDK(12300): Connectivity::broadcastWifiResults() --> DirectLink List: []
07-11 19:33:52.325 D/WearableSDK(12300): Connectivity::broadcastWifiResults() --> SideLink List: []
07-11 19:33:52.325 D/WearableSDK(12300): Connectivity::broadcastWifiResults() --> SideLink List: []
07-11 19:33:52.580 D/WearableSDK(12300): Connectivity::broadcastWifiResults() --> DirectLink List: []
07-11 19:33:52.580 D/WearableSDK(12300): Connectivity::broadcastWifiResults() --> DirectLink List: []
07-11 19:33:52.581 D/WearableSDK(12300): Connectivity::broadcastWifiResults() --> SideLink List: []
07-11 19:33:52.581 D/WearableSDK(12300): Connectivity::broadcastWifiResults() --> SideLink List: []
07-11 19:33:52.833 D/WearableSDK(12300): Connectivity::broadcastWifiResults() --> DirectLink List: []
07-11 19:33:52.833 D/WearableSDK(12300): Connectivity::broadcastWifiResults() --> DirectLink List: []
07-11 19:33:52.835 D/WearableSDK(12300): Connectivity::broadcastWifiResults() --> SideLink List: []
07-11 19:33:52.835 D/WearableSDK(12300): Connectivity::broadcastWifiResults() --> SideLink List: []
07-11 19:33:53.087 D/WearableSDK(12300): Connectivity::broadcastWifiResults() --> DirectLink List: []
07-11 19:33:53.087 D/WearableSDK(12300): Connectivity::broadcastWifiResults() --> DirectLink List: []
07-11 19:33:53.089 D/WearableSDK(12300): Connectivity::broadcastWifiResults() --> SideLink List: []
07-11 19:33:53.089 D/WearableSDK(12300): Connectivity::broadcastWifiResults() --> SideLink List: []
07-11 19:33:53.341 D/WearableSDK(12300): Connectivity::broadcastWifiResults() --> DirectLink List: []
07-11 19:33:53.341 D/WearableSDK(12300): Connectivity::broadcastWifiResults() --> DirectLink List: []
07-11 19:33:53.344 D/WearableSDK(12300): Connectivity::broadcastWifiResults() --> SideLink List: []
07-11 19:33:53.344 D/WearableSDK(12300): Connectivity::broadcastWifiResults() --> SideLink List: []
07-11 19:33:53.351 D/WearableSDK(12300): Connectivity::broadcastWifiResults() --> DirectLink List: []
07-11 19:33:53.351 D/WearableSDK(12300): Connectivity::broadcastWifiResults() --> DirectLink List: []
07-11 19:33:53.353 D/WearableSDK(12300): Connectivity::broadcastWifiResults() --> SideLink List: []
07-11 19:33:53.353 D/WearableSDK(12300): Connectivity::broadcastWifiResults() --> SideLink List: []
07-11 19:33:53.599 D/WearableSDK(12300): Connectivity::broadcastWifiResults() --> DirectLink List: []
07-11 19:33:53.599 D/WearableSDK(12300): Connectivity::broadcastWifiResults() --> DirectLink List: []
07-11 19:33:53.601 D/WearableSDK(12300): Connectivity::broadcastWifiResults() --> SideLink List: []
07-11 19:33:53.601 D/WearableSDK(12300): Connectivity::broadcastWifiResults() --> SideLink List: []
07-11 19:33:53.853 D/WearableSDK(12300): Connectivity::broadcastWifiResults() --> DirectLink List: []
07-11 19:33:53.853 D/WearableSDK(12300): Connectivity::broadcastWifiResults() --> DirectLink List: []
07-11 19:33:53.856 D/WearableSDK(12300): Connectivity::broadcastWifiResults() --> SideLink List: []
07-11 19:33:53.856 D/WearableSDK(12300): Connectivity::broadcastWifiResults() --> SideLink List: []
07-11 19:33:54.107 D/WearableSDK(12300): Connectivity::broadcastWifiResults() --> DirectLink List: []
07-11 19:33:54.107 D/WearableSDK(12300): Connectivity::broadcastWifiResults() --> DirectLink List: []
07-11 19:33:54.110 D/WearableSDK(12300): Connectivity::broadcastWifiResults() --> SideLink List: []
07-11 19:33:54.110 D/WearableSDK(12300): Connectivity::broadcastWifiResults() --> SideLink List: []
07-11 19:33:54.150 W/ActivityThread(12253): handleWindowVisibility: no activity for token android.os.BinderProxy@f1d0910
07-11 19:33:54.150 W/ActivityThread(12253): handleWindowVisibility: no activity for token android.os.BinderProxy@f1d0910
07-11 19:33:54.162 D/nav-drawer(12253): overriding setContentView
07-11 19:33:54.162 D/nav-drawer(12253): overriding setContentView
07-11 19:33:54.317 D/LongScreenshotUtil(12253): register longscreenshotReceiver
07-11 19:33:54.317 D/LongScreenshotUtil(12253): register longscreenshotReceiver
07-11 19:33:54.318 D/WearableSDK(12253): WearableSDK::init() - Setting up SDK for client use...
07-11 19:33:54.318 D/WearableSDK(12253): WearableSDK::init() - Setting up SDK for client use...
07-11 19:33:54.318 E/WearableSDK(12253): WearableSDK::init() - SDK init called more than once...skipping...
07-11 19:33:54.318 E/WearableSDK(12253): WearableSDK::init() - SDK init called more than once...skipping...
07-11 19:33:54.321 D/WearableSDK(12300): Connectivity::startSearchingForDevices() --> Device Search Starting...
07-11 19:33:54.321 D/WearableSDK(12300): Connectivity::startSearchingForDevices() --> Device Search Starting...
07-11 19:33:54.323 D/WearableSDK(12300): Connectivity::startSearchingForDevices() --> Current Network SSID: "IZZI-20DD"
07-11 19:33:54.323 D/WearableSDK(12300): Connectivity::startSearchingForDevices() --> Current Network SSID: "IZZI-20DD"
07-11 19:33:54.327 D/WearableSDK(12300): Connectivity::broadcastWifiResults() --> DirectLink List: []
07-11 19:33:54.327 D/WearableSDK(12300): Connectivity::broadcastWifiResults() --> DirectLink List: []
07-11 19:33:54.329 D/OpenGLRenderer(12253): textureCacheSize 75497472
07-11 19:33:54.329 D/OpenGLRenderer(12253): textureCacheSize 75497472
07-11 19:33:54.329 D/WearableSDK(12300): Connectivity::broadcastWifiResults() --> SideLink List: []
07-11 19:33:54.329 D/WearableSDK(12300): Connectivity::broadcastWifiResults() --> SideLink List: []
07-11 19:33:54.346 W/StaticLayout(12253): maxLineHeight should not be -1.  maxLines:1 lineCount:1
07-11 19:33:54.346 W/StaticLayout(12253): maxLineHeight should not be -1.  maxLines:1 lineCount:1
07-11 19:33:54.348 I/chatty  (12253): uid=10139(com.sandisk.connect) identical 4 lines
07-11 19:33:54.348 W/StaticLayout(12253): maxLineHeight should not be -1.  maxLines:1 lineCount:1
07-11 19:33:54.348 I/chatty  (12253): uid=10139(com.sandisk.connect) identical 4 lines
07-11 19:33:54.348 W/StaticLayout(12253): maxLineHeight should not be -1.  maxLines:1 lineCount:1
07-11 19:33:54.362 D/WearableSDK(12300): Connectivity::broadcastWifiResults() --> DirectLink List: []
07-11 19:33:54.364 D/WearableSDK(12300): Connectivity::broadcastWifiResults() --> SideLink List: []
07-11 19:33:54.362 D/WearableSDK(12300): Connectivity::broadcastWifiResults() --> DirectLink List: []
07-11 19:33:54.364 D/WearableSDK(12300): Connectivity::broadcastWifiResults() --> SideLink List: []
07-11 19:33:54.369 W/StaticLayout(12253): maxLineHeight should not be -1.  maxLines:1 lineCount:1
07-11 19:33:54.369 W/StaticLayout(12253): maxLineHeight should not be -1.  maxLines:1 lineCount:1
07-11 19:33:54.370 I/chatty  (12253): uid=10139(com.sandisk.connect) identical 4 lines
07-11 19:33:54.371 W/StaticLayout(12253): maxLineHeight should not be -1.  maxLines:1 lineCount:1
07-11 19:33:54.371 I/OpenGLRenderer(12253): queryNativeWindowStatus 0xf1df8808 query=0 dataspace=0
07-11 19:33:54.372 D/OpenGLRenderer(12253): textureCacheSize 75497472
07-11 19:33:54.370 I/chatty  (12253): uid=10139(com.sandisk.connect) identical 4 lines
07-11 19:33:54.371 W/StaticLayout(12253): maxLineHeight should not be -1.  maxLines:1 lineCount:1
07-11 19:33:54.371 I/OpenGLRenderer(12253): queryNativeWindowStatus 0xf1df8808 query=0 dataspace=0
07-11 19:33:54.372 D/OpenGLRenderer(12253): textureCacheSize 75497472
07-11 19:33:54.379 D/        (12253): Gralloc Register  w:720, h:1440, f:0x1, usage:0xb00, ui64Stamp:164787, sSize:4149248, line = 2106
07-11 19:33:54.379 D/        (12253): Gralloc Register  w:720, h:1440, f:0x1, usage:0xb00, ui64Stamp:164787, sSize:4149248, line = 2106
07-11 19:33:54.430 W/StaticLayout(12253): maxLineHeight should not be -1.  maxLines:1 lineCount:1
07-11 19:33:54.430 W/StaticLayout(12253): maxLineHeight should not be -1.  maxLines:1 lineCount:1
07-11 19:33:54.430 D/        (12253): Gralloc Register  w:720, h:1440, f:0x1, usage:0xb00, ui64Stamp:164798, sSize:4149248, line = 2106
07-11 19:33:54.430 D/        (12253): Gralloc Register  w:720, h:1440, f:0x1, usage:0xb00, ui64Stamp:164798, sSize:4149248, line = 2106
07-11 19:33:54.430 W/StaticLayout(12253): maxLineHeight should not be -1.  maxLines:1 lineCount:1
07-11 19:33:54.430 W/StaticLayout(12253): maxLineHeight should not be -1.  maxLines:1 lineCount:1
07-11 19:33:54.441 I/chatty  (12253): uid=10139(com.sandisk.connect) identical 9 lines
07-11 19:33:54.442 W/StaticLayout(12253): maxLineHeight should not be -1.  maxLines:1 lineCount:1
07-11 19:33:54.441 I/chatty  (12253): uid=10139(com.sandisk.connect) identical 9 lines
07-11 19:33:54.442 W/StaticLayout(12253): maxLineHeight should not be -1.  maxLines:1 lineCount:1
07-11 19:33:54.447 D/        (12253): Gralloc Register  w:720, h:1440, f:0x1, usage:0xb00, ui64Stamp:164800, sSize:4149248, line = 2106
07-11 19:33:54.447 D/        (12253): Gralloc Register  w:720, h:1440, f:0x1, usage:0xb00, ui64Stamp:164800, sSize:4149248, line = 2106
07-11 19:33:54.576 D/WearableSDK(12300): Connectivity::broadcastWifiResults() --> DirectLink List: []
07-11 19:33:54.576 D/WearableSDK(12300): Connectivity::broadcastWifiResults() --> DirectLink List: []
07-11 19:33:54.578 D/WearableSDK(12300): Connectivity::broadcastWifiResults() --> SideLink List: []
07-11 19:33:54.578 D/WearableSDK(12300): Connectivity::broadcastWifiResults() --> SideLink List: []
07-11 19:33:54.618 D/WearableSDK(12300): Connectivity::broadcastWifiResults() --> DirectLink List: []
07-11 19:33:54.618 D/WearableSDK(12300): Connectivity::broadcastWifiResults() --> DirectLink List: []
07-11 19:33:54.620 D/WearableSDK(12300): Connectivity::broadcastWifiResults() --> SideLink List: []
07-11 19:33:54.620 D/WearableSDK(12300): Connectivity::broadcastWifiResults() --> SideLink List: []
07-11 19:33:54.626 D/WearableSDK(12300): Connectivity::broadcastWifiResults() --> DirectLink List: []
07-11 19:33:54.626 D/WearableSDK(12300): Connectivity::broadcastWifiResults() --> DirectLink List: []
07-11 19:33:54.628 D/WearableSDK(12300): Connectivity::broadcastWifiResults() --> SideLink List: []
07-11 19:33:54.628 D/WearableSDK(12300): Connectivity::broadcastWifiResults() --> SideLink List: []
07-11 19:33:54.830 D/WearableSDK(12300): Connectivity::broadcastWifiResults() --> DirectLink List: []
07-11 19:33:54.830 D/WearableSDK(12300): Connectivity::broadcastWifiResults() --> DirectLink List: []
07-11 19:33:54.832 D/WearableSDK(12300): Connectivity::broadcastWifiResults() --> SideLink List: []
07-11 19:33:54.832 D/WearableSDK(12300): Connectivity::broadcastWifiResults() --> SideLink List: []
07-11 19:33:54.874 D/WearableSDK(12300): Connectivity::broadcastWifiResults() --> DirectLink List: []
07-11 19:33:54.876 D/        (12253): Gralloc UnRegister  w:720, h:1440, f:0x1, usage:0xb00, ui64Stamp:164773 line = 2218
07-11 19:33:54.874 D/WearableSDK(12300): Connectivity::broadcastWifiResults() --> DirectLink List: []
07-11 19:33:54.876 D/        (12253): Gralloc UnRegister  w:720, h:1440, f:0x1, usage:0xb00, ui64Stamp:164773 line = 2218
07-11 19:33:54.876 D/        (12253): Gralloc UnRegister  w:720, h:1440, f:0x1, usage:0xb00, ui64Stamp:164770 line = 2218
07-11 19:33:54.876 D/        (12253): Gralloc UnRegister  w:720, h:1440, f:0x1, usage:0xb00, ui64Stamp:164759 line = 2218
07-11 19:33:54.876 D/        (12253): Gralloc UnRegister  w:720, h:1440, f:0x1, usage:0xb00, ui64Stamp:164770 line = 2218
07-11 19:33:54.876 D/        (12253): Gralloc UnRegister  w:720, h:1440, f:0x1, usage:0xb00, ui64Stamp:164759 line = 2218
07-11 19:33:54.878 D/WearableSDK(12300): Connectivity::broadcastWifiResults() --> SideLink List: []
07-11 19:33:54.878 D/WearableSDK(12300): Connectivity::broadcastWifiResults() --> SideLink List: []
07-11 19:33:55.083 D/WearableSDK(12300): Connectivity::broadcastWifiResults() --> DirectLink List: []
07-11 19:33:55.083 D/WearableSDK(12300): Connectivity::broadcastWifiResults() --> DirectLink List: []
07-11 19:33:55.085 D/WearableSDK(12300): Connectivity::broadcastWifiResults() --> SideLink List: []
07-11 19:33:55.085 D/WearableSDK(12300): Connectivity::broadcastWifiResults() --> SideLink List: []
07-11 19:33:55.130 D/WearableSDK(12300): Connectivity::broadcastWifiResults() --> DirectLink List: []
07-11 19:33:55.133 D/WearableSDK(12300): Connectivity::broadcastWifiResults() --> SideLink List: []
07-11 19:33:55.130 D/WearableSDK(12300): Connectivity::broadcastWifiResults() --> DirectLink List: []
07-11 19:33:55.133 D/WearableSDK(12300): Connectivity::broadcastWifiResults() --> SideLink List: []
07-11 19:33:55.337 D/WearableSDK(12300): Connectivity::broadcastWifiResults() --> DirectLink List: []
07-11 19:33:55.337 D/WearableSDK(12300): Connectivity::broadcastWifiResults() --> DirectLink List: []
07-11 19:33:55.339 D/WearableSDK(12300): Connectivity::broadcastWifiResults() --> SideLink List: []
07-11 19:33:55.339 D/WearableSDK(12300): Connectivity::broadcastWifiResults() --> SideLink List: []
07-11 19:33:55.347 D/WearableSDK(12300): Connectivity::broadcastWifiResults() --> DirectLink List: []
07-11 19:33:55.347 D/WearableSDK(12300): Connectivity::broadcastWifiResults() --> DirectLink List: []
07-11 19:33:55.349 D/WearableSDK(12300): Connectivity::broadcastWifiResults() --> SideLink List: []
07-11 19:33:55.349 D/WearableSDK(12300): Connectivity::broadcastWifiResults() --> SideLink List: []
07-11 19:33:55.386 D/WearableSDK(12300): Connectivity::broadcastWifiResults() --> DirectLink List: []
07-11 19:33:55.386 D/WearableSDK(12300): Connectivity::broadcastWifiResults() --> DirectLink List: []
07-11 19:33:55.388 D/WearableSDK(12300): Connectivity::broadcastWifiResults() --> SideLink List: []
07-11 19:33:55.388 D/WearableSDK(12300): Connectivity::broadcastWifiResults() --> SideLink List: []
07-11 19:33:55.595 D/WearableSDK(12300): Connectivity::broadcastWifiResults() --> DirectLink List: []
07-11 19:33:55.595 D/WearableSDK(12300): Connectivity::broadcastWifiResults() --> DirectLink List: []
07-11 19:33:55.597 D/WearableSDK(12300): Connectivity::broadcastWifiResults() --> SideLink List: []
07-11 19:33:55.597 D/WearableSDK(12300): Connectivity::broadcastWifiResults() --> SideLink List: []
07-11 19:33:55.640 D/WearableSDK(12300): Connectivity::broadcastWifiResults() --> DirectLink List: []
07-11 19:33:55.640 D/WearableSDK(12300): Connectivity::broadcastWifiResults() --> DirectLink List: []
07-11 19:33:55.642 D/WearableSDK(12300): Connectivity::broadcastWifiResults() --> SideLink List: []
07-11 19:33:55.642 D/WearableSDK(12300): Connectivity::broadcastWifiResults() --> SideLink List: []
07-11 19:33:55.849 D/WearableSDK(12300): Connectivity::broadcastWifiResults() --> DirectLink List: []
07-11 19:33:55.849 D/WearableSDK(12300): Connectivity::broadcastWifiResults() --> DirectLink List: []
07-11 19:33:55.861 D/WearableSDK(12300): Connectivity::broadcastWifiResults() --> SideLink List: []
07-11 19:33:55.861 D/WearableSDK(12300): Connectivity::broadcastWifiResults() --> SideLink List: []
07-11 19:33:55.866 D/WearableSDK(12300): Connectivity::stopBonjour() - Stopping bonjour service....
07-11 19:33:55.866 D/WearableSDK(12300): Bonjour::unregisterAllServices() - Unregistering all services.
07-11 19:33:55.866 D/WearableSDK(12300): Connectivity::stopBonjour() - Stopping bonjour service....
07-11 19:33:55.870 D/WearableSDK(12300): Bonjour::close() - Cancelling Bonjour
07-11 19:33:55.866 D/WearableSDK(12300): Bonjour::unregisterAllServices() - Unregistering all services.
07-11 19:33:55.871 D/WearableSDK(12300): Bonjour::close() - Canceling the timer.
07-11 19:33:55.870 D/WearableSDK(12300): Bonjour::close() - Cancelling Bonjour
07-11 19:33:55.871 D/WearableSDK(12300): Bonjour::close() - Canceling the timer.
07-11 19:33:55.871 D/WearableSDK(12300): Bonjour::unregisterAllServices() - Unregistering all services.
07-11 19:33:55.876 D/WearableSDK(12300): Bonjour::disposeServiceCollectors() - Cleaning up
07-11 19:33:55.871 D/WearableSDK(12300): Bonjour::unregisterAllServices() - Unregistering all services.
07-11 19:33:55.876 D/WearableSDK(12300): Bonjour::disposeServiceCollectors() - Cleaning up
07-11 19:33:55.882 D/WearableSDK(12300): Bonjour::close() - Wait for Bonjour cancel:
07-11 19:33:55.882 D/WearableSDK(12300): 	---- Local Host -----
07-11 19:33:55.882 D/WearableSDK(12300): 	local host info[192-168-0-3.local., wlan0:192.168.0.3, DNS: 192-168-0-3.local. [192.168.0.3/192.168.0.3] state: closing task: null]
07-11 19:33:55.882 D/WearableSDK(12300): 	---- Services -----
07-11 19:33:55.882 D/WearableSDK(12300): 	---- Types ----
07-11 19:33:55.882 D/WearableSDK(12300): 	---- cache ----
07-11 19:33:55.882 D/WearableSDK(12300):
07-11 19:33:55.882 D/WearableSDK(12300): 		name '192-168-0-3.local.'
07-11 19:33:55.882 D/WearableSDK(12300): 			[IPv4Address@136888979 type: TYPE_A index 1, class: CLASS_IN index 1-unique, name: 192-168-0-3.local. ttl: '3589/3599' address: '192.168.0.3']
07-11 19:33:55.882 D/WearableSDK(12300): 	---- Service Collectors ----
07-11 19:33:55.882 D/WearableSDK(12300): 	---- Service Listeners ----
07-11 19:33:55.882 D/WearableSDK(12300): Bonjour::close() - Wait for Bonjour cancel:
07-11 19:33:55.882 D/WearableSDK(12300): 	---- Local Host -----
07-11 19:33:55.882 D/WearableSDK(12300): 	local host info[192-168-0-3.local., wlan0:192.168.0.3, DNS: 192-168-0-3.local. [192.168.0.3/192.168.0.3] state: closing task: null]
07-11 19:33:55.882 D/WearableSDK(12300): 	---- Services -----
07-11 19:33:55.882 D/WearableSDK(12300): 	---- Types ----
07-11 19:33:55.882 D/WearableSDK(12300): 	---- cache ----
07-11 19:33:55.882 D/WearableSDK(12300):
07-11 19:33:55.882 D/WearableSDK(12300): 		name '192-168-0-3.local.'
07-11 19:33:55.882 D/WearableSDK(12300): 			[IPv4Address@136888979 type: TYPE_A index 1, class: CLASS_IN index 1-unique, name: 192-168-0-3.local. ttl: '3589/3599' address: '192.168.0.3']
07-11 19:33:55.882 D/WearableSDK(12300): 	---- Service Collectors ----
07-11 19:33:55.882 D/WearableSDK(12300): 	---- Service Listeners ----
07-11 19:33:55.894 D/WearableSDK(12300): Connectivity::broadcastWifiResults() --> DirectLink List: []
07-11 19:33:55.896 D/WearableSDK(12300): Connectivity::broadcastWifiResults() --> SideLink List: []
07-11 19:33:55.899 D/WearableSDK(12300): Connectivity::startSearchingForDevices() --> Device Search Stopped.
07-11 19:33:55.894 D/WearableSDK(12300): Connectivity::broadcastWifiResults() --> DirectLink List: []
07-11 19:33:55.896 D/WearableSDK(12300): Connectivity::broadcastWifiResults() --> SideLink List: []
07-11 19:33:55.899 D/WearableSDK(12300): Connectivity::startSearchingForDevices() --> Device Search Stopped.
07-11 19:33:55.903 D/WearableSDK(12300): Connectivity::startSearchingForDevices() --> Current Network SSID: "IZZI-20DD"
07-11 19:33:55.903 D/WearableSDK(12300): Connectivity::startSearchingForDevices() --> Current Network SSID: "IZZI-20DD"
07-11 19:33:56.254 D/        (12253): Gralloc UnRegister  w:720, h:1440, f:0x1, usage:0xb00, ui64Stamp:164800 line = 2218
07-11 19:33:56.254 D/        (12253): Gralloc UnRegister  w:720, h:1440, f:0x1, usage:0xb00, ui64Stamp:164798 line = 2218
07-11 19:33:56.254 D/        (12253): Gralloc UnRegister  w:720, h:1440, f:0x1, usage:0xb00, ui64Stamp:164787 line = 2218
07-11 19:33:56.254 D/        (12253): Gralloc UnRegister  w:720, h:1440, f:0x1, usage:0xb00, ui64Stamp:164800 line = 2218
07-11 19:33:56.254 D/        (12253): Gralloc UnRegister  w:720, h:1440, f:0x1, usage:0xb00, ui64Stamp:164798 line = 2218
07-11 19:33:56.254 D/        (12253): Gralloc UnRegister  w:720, h:1440, f:0x1, usage:0xb00, ui64Stamp:164787 line = 2218
07-11 19:33:56.823 E/        (12253): stopTimer already called
07-11 19:33:56.823 E/        (12253): stopTimer already called
07-11 19:33:57.143 D/WearableSDK(12300): Connectivity::broadcastWifiResults() --> DirectLink List: []
07-11 19:33:57.145 D/WearableSDK(12300): Connectivity::broadcastWifiResults() --> SideLink List: []
07-11 19:33:57.143 D/WearableSDK(12300): Connectivity::broadcastWifiResults() --> DirectLink List: []
07-11 19:33:57.145 D/WearableSDK(12300): Connectivity::broadcastWifiResults() --> SideLink List: []
07-11 19:34:00.933 D/WearableSDK(12300): Bonjour::close() - Canceling the state timer
07-11 19:34:00.933 D/WearableSDK(12300): Bonjour::close() - Canceling the state timer
07-11 19:34:00.934 D/WearableSDK(12300): Bonjour::closeMulticastSocket() - Closing socket.
07-11 19:34:00.934 D/WearableSDK(12300): Bonjour::closeMulticastSocket() - Closing socket.
07-11 19:34:00.936 D/WearableSDK(12300): Bonjour::close() - Bonjour closed.
07-11 19:34:00.936 D/WearableSDK(12300): Bonjour::close() - Bonjour closed.
07-11 19:34:00.939 D/WearableSDK(12300): Connectivity::stopBonjour() - Bonjour service stopped.
07-11 19:34:00.939 D/WearableSDK(12300): Connectivity::startSearchingForDevices() --> Device Search Stopped.
07-11 19:34:00.939 D/WearableSDK(12300): Connectivity::stopBonjour() - Bonjour service stopped.
07-11 19:34:00.939 D/WearableSDK(12300): Connectivity::startSearchingForDevices() --> Device Search Stopped.
07-11 19:34:00.941 D/WearableSDK(12300): Connectivity::startSearchingForDevices() --> Current Network SSID: "IZZI-20DD"
07-11 19:34:00.941 D/WearableSDK(12300): Connectivity::startSearchingForDevices() --> Current Network SSID: "IZZI-20DD"
07-11 19:34:01.865 W/System  (12315): A resource failed to call end.
07-11 19:34:01.865 W/System  (12315): A resource failed to call end.
07-11 19:34:02.626 D/WearableSDK(12300): Connectivity::broadcastWifiResults() --> DirectLink List: []
07-11 19:34:02.626 D/WearableSDK(12300): Connectivity::broadcastWifiResults() --> DirectLink List: []
07-11 19:34:02.628 D/WearableSDK(12300): Connectivity::broadcastWifiResults() --> SideLink List: []
07-11 19:34:02.628 D/WearableSDK(12300): Connectivity::broadcastWifiResults() --> SideLink List: []
07-11 19:34:07.868 W/ActivityThread(12253): handleWindowVisibility: no activity for token android.os.BinderProxy@2b60511
07-11 19:34:07.868 W/ActivityThread(12253): handleWindowVisibility: no activity for token android.os.BinderProxy@2b60511
07-11 19:34:07.933 D/ConnectLaunchActivity(12253): onCreate: ########writing version code to shared preferences
07-11 19:34:07.933 D/ConnectLaunchActivity(12253): onCreate: ########writing version code to shared preferences
07-11 19:34:07.938 D/LongScreenshotUtil(12253): register longscreenshotReceiver
07-11 19:34:07.938 D/LongScreenshotUtil(12253): register longscreenshotReceiver
07-11 19:34:07.939 D/WearableSDK(12253): WearableSDK::init() - Setting up SDK for client use...
07-11 19:34:07.939 E/WearableSDK(12253): WearableSDK::init() - SDK init called more than once...skipping...
07-11 19:34:07.939 D/WearableSDK(12253): WearableSDK::init() - Setting up SDK for client use...
07-11 19:34:07.939 E/WearableSDK(12253): WearableSDK::init() - SDK init called more than once...skipping...
07-11 19:34:07.942 D/OpenGLRenderer(12253): textureCacheSize 75497472
07-11 19:34:07.942 D/OpenGLRenderer(12253): textureCacheSize 75497472
07-11 19:34:07.967 I/OpenGLRenderer(12253): queryNativeWindowStatus 0xf1df8808 query=0 dataspace=0
07-11 19:34:07.967 I/OpenGLRenderer(12253): queryNativeWindowStatus 0xf1df8808 query=0 dataspace=0
07-11 19:34:07.968 I/MusicPlayer(12253): debug: Creating service
07-11 19:34:07.968 I/MusicPlayer(12253): debug: Creating service
07-11 19:34:07.971 D/OpenGLRenderer(12253): textureCacheSize 75497472
07-11 19:34:07.971 D/OpenGLRenderer(12253): textureCacheSize 75497472
07-11 19:34:07.977 D/        (12253): Gralloc Register  w:720, h:1440, f:0x1, usage:0xb00, ui64Stamp:165294, sSize:4149248, line = 2106
07-11 19:34:07.977 D/        (12253): Gralloc Register  w:720, h:1440, f:0x1, usage:0xb00, ui64Stamp:165294, sSize:4149248, line = 2106
07-11 19:34:08.001 D/        (12253): Gralloc Register  w:720, h:1440, f:0x1, usage:0xb00, ui64Stamp:165297, sSize:4149248, line = 2106
07-11 19:34:08.001 D/        (12253): Gralloc Register  w:720, h:1440, f:0x1, usage:0xb00, ui64Stamp:165297, sSize:4149248, line = 2106
07-11 19:34:08.015 D/        (12253): Gralloc Register  w:720, h:1440, f:0x1, usage:0xb00, ui64Stamp:165299, sSize:4149248, line = 2106
07-11 19:34:08.015 D/        (12253): Gralloc Register  w:720, h:1440, f:0x1, usage:0xb00, ui64Stamp:165299, sSize:4149248, line = 2106
07-11 19:34:08.457 D/WearableSDK(12300): Connectivity::startSearchingForDevices() --> Device Search Starting...
07-11 19:34:08.457 D/WearableSDK(12300): Connectivity::startSearchingForDevices() --> Device Search Starting...
07-11 19:34:08.458 D/WearableSDK(12300): Connectivity::startSearchingForDevices() --> Current Network SSID: "IZZI-20DD"
07-11 19:34:08.458 D/WearableSDK(12300): Connectivity::startSearchingForDevices() --> Current Network SSID: "IZZI-20DD"
07-11 19:34:08.462 D/WearableSDK(12300): Connectivity::startBonjour() - Starting bonjour service....
07-11 19:34:08.462 D/WearableSDK(12300): Connectivity::startBonjour() - Starting bonjour service....
07-11 19:34:08.469 D/WearableSDK(12300): Bonjour::Bonjour() - Instance created.
07-11 19:34:08.469 D/WearableSDK(12300): Bonjour::Bonjour() - Instance created.
07-11 19:34:08.481 D/WearableSDK(12300): Connectivity::startBonjour() - Bonjour service started.
07-11 19:34:08.481 D/WearableSDK(12300): Connectivity::startBonjour() - Bonjour service started.
07-11 19:34:08.974 D/WearableSDK(12300): Connectivity::broadcastWifiResults() --> DirectLink List: []
07-11 19:34:08.974 D/WearableSDK(12300): Connectivity::broadcastWifiResults() --> DirectLink List: []
07-11 19:34:08.977 D/WearableSDK(12300): Connectivity::broadcastWifiResults() --> SideLink List: []
07-11 19:34:08.977 D/WearableSDK(12300): Connectivity::broadcastWifiResults() --> SideLink List: []
07-11 19:34:09.223 D/WearableSDK(12300): Connectivity::broadcastWifiResults() --> DirectLink List: []
07-11 19:34:09.223 D/WearableSDK(12300): Connectivity::broadcastWifiResults() --> DirectLink List: []
07-11 19:34:09.225 D/WearableSDK(12300): Connectivity::broadcastWifiResults() --> SideLink List: []
07-11 19:34:09.225 D/WearableSDK(12300): Connectivity::broadcastWifiResults() --> SideLink List: []
07-11 19:34:09.477 D/WearableSDK(12300): Connectivity::broadcastWifiResults() --> DirectLink List: []
07-11 19:34:09.477 D/WearableSDK(12300): Connectivity::broadcastWifiResults() --> DirectLink List: []
07-11 19:34:09.484 D/WearableSDK(12300): Connectivity::broadcastWifiResults() --> SideLink List: []
07-11 19:34:09.484 D/WearableSDK(12300): Connectivity::broadcastWifiResults() --> SideLink List: []
07-11 19:34:09.736 D/WearableSDK(12300): Connectivity::broadcastWifiResults() --> DirectLink List: []
07-11 19:34:09.736 D/WearableSDK(12300): Connectivity::broadcastWifiResults() --> DirectLink List: []
07-11 19:34:09.739 D/WearableSDK(12300): Connectivity::broadcastWifiResults() --> SideLink List: []
07-11 19:34:09.739 D/WearableSDK(12300): Connectivity::broadcastWifiResults() --> SideLink List: []
07-11 19:34:09.991 D/WearableSDK(12300): Connectivity::broadcastWifiResults() --> DirectLink List: []
07-11 19:34:09.991 D/WearableSDK(12300): Connectivity::broadcastWifiResults() --> DirectLink List: []
07-11 19:34:09.995 D/WearableSDK(12300): Connectivity::broadcastWifiResults() --> SideLink List: []
07-11 19:34:09.995 D/WearableSDK(12300): Connectivity::broadcastWifiResults() --> SideLink List: []
07-11 19:34:10.015 D/WearableSDK(12300): Connectivity::broadcastWifiResults() --> DirectLink List: []
07-11 19:34:10.017 D/WearableSDK(12300): Connectivity::broadcastWifiResults() --> SideLink List: []
07-11 19:34:10.015 D/WearableSDK(12300): Connectivity::broadcastWifiResults() --> DirectLink List: []
07-11 19:34:10.017 D/WearableSDK(12300): Connectivity::broadcastWifiResults() --> SideLink List: []
07-11 19:34:10.259 D/WearableSDK(12300): Connectivity::broadcastWifiResults() --> DirectLink List: []
07-11 19:34:10.259 D/WearableSDK(12300): Connectivity::broadcastWifiResults() --> DirectLink List: []
07-11 19:34:10.261 D/WearableSDK(12300): Connectivity::broadcastWifiResults() --> SideLink List: []
07-11 19:34:10.261 D/WearableSDK(12300): Connectivity::broadcastWifiResults() --> SideLink List: []
07-11 19:34:10.513 D/WearableSDK(12300): Connectivity::broadcastWifiResults() --> DirectLink List: []
07-11 19:34:10.513 D/WearableSDK(12300): Connectivity::broadcastWifiResults() --> DirectLink List: []
07-11 19:34:10.514 D/WearableSDK(12300): Connectivity::broadcastWifiResults() --> SideLink List: []
07-11 19:34:10.514 D/WearableSDK(12300): Connectivity::broadcastWifiResults() --> SideLink List: []
07-11 19:34:10.766 D/WearableSDK(12300): Connectivity::broadcastWifiResults() --> DirectLink List: []
07-11 19:34:10.766 D/WearableSDK(12300): Connectivity::broadcastWifiResults() --> DirectLink List: []
07-11 19:34:10.770 D/WearableSDK(12300): Connectivity::broadcastWifiResults() --> SideLink List: []
07-11 19:34:10.770 D/WearableSDK(12300): Connectivity::broadcastWifiResults() --> SideLink List: []
07-11 19:34:11.022 D/WearableSDK(12300): Connectivity::broadcastWifiResults() --> DirectLink List: []
07-11 19:34:11.022 D/WearableSDK(12300): Connectivity::broadcastWifiResults() --> DirectLink List: []
07-11 19:34:11.024 D/WearableSDK(12300): Connectivity::broadcastWifiResults() --> SideLink List: []
07-11 19:34:11.024 D/WearableSDK(12300): Connectivity::broadcastWifiResults() --> SideLink List: []
07-11 19:34:11.275 D/WearableSDK(12300): Connectivity::broadcastWifiResults() --> DirectLink List: []
07-11 19:34:11.275 D/WearableSDK(12300): Connectivity::broadcastWifiResults() --> DirectLink List: []
07-11 19:34:11.277 D/WearableSDK(12300): Connectivity::broadcastWifiResults() --> SideLink List: []
07-11 19:34:11.277 D/WearableSDK(12300): Connectivity::broadcastWifiResults() --> SideLink List: []
07-11 19:34:11.284 D/WearableSDK(12300): Connectivity::broadcastWifiResults() --> DirectLink List: []
07-11 19:34:11.284 D/WearableSDK(12300): Connectivity::broadcastWifiResults() --> DirectLink List: []
07-11 19:34:11.286 D/WearableSDK(12300): Connectivity::broadcastWifiResults() --> SideLink List: []
07-11 19:34:11.286 D/WearableSDK(12300): Connectivity::broadcastWifiResults() --> SideLink List: []
07-11 19:34:11.531 D/WearableSDK(12300): Connectivity::broadcastWifiResults() --> DirectLink List: []
07-11 19:34:11.531 D/WearableSDK(12300): Connectivity::broadcastWifiResults() --> DirectLink List: []
07-11 19:34:11.534 D/WearableSDK(12300): Connectivity::broadcastWifiResults() --> SideLink List: []
07-11 19:34:11.534 D/WearableSDK(12300): Connectivity::broadcastWifiResults() --> SideLink List: []
07-11 19:34:11.785 D/WearableSDK(12300): Connectivity::broadcastWifiResults() --> DirectLink List: []
07-11 19:34:11.785 D/WearableSDK(12300): Connectivity::broadcastWifiResults() --> DirectLink List: []
07-11 19:34:11.786 D/WearableSDK(12300): Connectivity::broadcastWifiResults() --> SideLink List: []
07-11 19:34:11.786 D/WearableSDK(12300): Connectivity::broadcastWifiResults() --> SideLink List: []
07-11 19:34:12.038 D/WearableSDK(12300): Connectivity::broadcastWifiResults() --> DirectLink List: []
07-11 19:34:12.038 D/WearableSDK(12300): Connectivity::broadcastWifiResults() --> DirectLink List: []
07-11 19:34:12.040 D/WearableSDK(12300): Connectivity::broadcastWifiResults() --> SideLink List: []
07-11 19:34:12.040 D/WearableSDK(12300): Connectivity::broadcastWifiResults() --> SideLink List: []
07-11 19:34:12.291 D/WearableSDK(12300): Connectivity::broadcastWifiResults() --> DirectLink List: []
07-11 19:34:12.291 D/WearableSDK(12300): Connectivity::broadcastWifiResults() --> DirectLink List: []
07-11 19:34:12.293 D/WearableSDK(12300): Connectivity::broadcastWifiResults() --> SideLink List: []
07-11 19:34:12.293 D/WearableSDK(12300): Connectivity::broadcastWifiResults() --> SideLink List: []
07-11 19:34:12.545 D/WearableSDK(12300): Connectivity::broadcastWifiResults() --> DirectLink List: []
07-11 19:34:12.545 D/WearableSDK(12300): Connectivity::broadcastWifiResults() --> DirectLink List: []
07-11 19:34:12.547 D/WearableSDK(12300): Connectivity::broadcastWifiResults() --> SideLink List: []
07-11 19:34:12.547 D/WearableSDK(12300): Connectivity::broadcastWifiResults() --> SideLink List: []
07-11 19:34:12.552 D/WearableSDK(12300): Connectivity::broadcastWifiResults() --> DirectLink List: []
07-11 19:34:12.552 D/WearableSDK(12300): Connectivity::broadcastWifiResults() --> DirectLink List: []
07-11 19:34:12.553 D/WearableSDK(12300): Connectivity::broadcastWifiResults() --> SideLink List: []
07-11 19:34:12.553 D/WearableSDK(12300): Connectivity::broadcastWifiResults() --> SideLink List: []
07-11 19:34:12.801 D/WearableSDK(12300): Connectivity::broadcastWifiResults() --> DirectLink List: []
07-11 19:34:12.801 D/WearableSDK(12300): Connectivity::broadcastWifiResults() --> DirectLink List: []
07-11 19:34:12.802 D/WearableSDK(12300): Connectivity::broadcastWifiResults() --> SideLink List: []
07-11 19:34:12.802 D/WearableSDK(12300): Connectivity::broadcastWifiResults() --> SideLink List: []
07-11 19:34:13.054 D/WearableSDK(12300): Connectivity::broadcastWifiResults() --> DirectLink List: []
07-11 19:34:13.054 D/WearableSDK(12300): Connectivity::broadcastWifiResults() --> DirectLink List: []
07-11 19:34:13.056 D/WearableSDK(12300): Connectivity::broadcastWifiResults() --> SideLink List: []
07-11 19:34:13.056 D/WearableSDK(12300): Connectivity::broadcastWifiResults() --> SideLink List: []
07-11 19:34:13.308 D/WearableSDK(12300): Connectivity::broadcastWifiResults() --> DirectLink List: []
07-11 19:34:13.308 D/WearableSDK(12300): Connectivity::broadcastWifiResults() --> DirectLink List: []
07-11 19:34:13.309 D/WearableSDK(12300): Connectivity::broadcastWifiResults() --> SideLink List: []
07-11 19:34:13.309 D/WearableSDK(12300): Connectivity::broadcastWifiResults() --> SideLink List: []
07-11 19:34:13.561 D/WearableSDK(12300): Connectivity::broadcastWifiResults() --> DirectLink List: []
07-11 19:34:13.561 D/WearableSDK(12300): Connectivity::broadcastWifiResults() --> DirectLink List: []
07-11 19:34:13.562 D/WearableSDK(12300): Connectivity::broadcastWifiResults() --> SideLink List: []
07-11 19:34:13.562 D/WearableSDK(12300): Connectivity::broadcastWifiResults() --> SideLink List: []
07-11 19:34:13.815 D/WearableSDK(12300): Connectivity::broadcastWifiResults() --> DirectLink List: []
07-11 19:34:13.815 D/WearableSDK(12300): Connectivity::broadcastWifiResults() --> DirectLink List: []
07-11 19:34:13.817 D/WearableSDK(12300): Connectivity::broadcastWifiResults() --> SideLink List: []
07-11 19:34:13.817 D/WearableSDK(12300): Connectivity::broadcastWifiResults() --> SideLink List: []
07-11 19:34:13.822 D/WearableSDK(12300): Connectivity::broadcastWifiResults() --> DirectLink List: []
07-11 19:34:13.822 D/WearableSDK(12300): Connectivity::broadcastWifiResults() --> DirectLink List: []
07-11 19:34:13.824 D/WearableSDK(12300): Connectivity::broadcastWifiResults() --> SideLink List: []
07-11 19:34:13.824 D/WearableSDK(12300): Connectivity::broadcastWifiResults() --> SideLink List: []
07-11 19:34:14.071 D/WearableSDK(12300): Connectivity::broadcastWifiResults() --> DirectLink List: []
07-11 19:34:14.071 D/WearableSDK(12300): Connectivity::broadcastWifiResults() --> DirectLink List: []
07-11 19:34:14.072 D/WearableSDK(12300): Connectivity::broadcastWifiResults() --> SideLink List: []
07-11 19:34:14.072 D/WearableSDK(12300): Connectivity::broadcastWifiResults() --> SideLink List: []
07-11 19:34:14.324 D/WearableSDK(12300): Connectivity::broadcastWifiResults() --> DirectLink List: []
07-11 19:34:14.324 D/WearableSDK(12300): Connectivity::broadcastWifiResults() --> DirectLink List: []
07-11 19:34:14.328 D/WearableSDK(12300): Connectivity::broadcastWifiResults() --> SideLink List: []
07-11 19:34:14.328 D/WearableSDK(12300): Connectivity::broadcastWifiResults() --> SideLink List: []
07-11 19:34:14.582 D/WearableSDK(12300): Connectivity::broadcastWifiResults() --> DirectLink List: []
07-11 19:34:14.582 D/WearableSDK(12300): Connectivity::broadcastWifiResults() --> DirectLink List: []
07-11 19:34:14.584 D/WearableSDK(12300): Connectivity::broadcastWifiResults() --> SideLink List: []
07-11 19:34:14.584 D/WearableSDK(12300): Connectivity::broadcastWifiResults() --> SideLink List: []
07-11 19:34:14.840 D/WearableSDK(12300): Connectivity::broadcastWifiResults() --> DirectLink List: []
07-11 19:34:14.840 D/WearableSDK(12300): Connectivity::broadcastWifiResults() --> DirectLink List: []
07-11 19:34:14.842 D/WearableSDK(12300): Connectivity::broadcastWifiResults() --> SideLink List: []
07-11 19:34:14.842 D/WearableSDK(12300): Connectivity::broadcastWifiResults() --> SideLink List: []
07-11 19:34:15.100 D/WearableSDK(12300): Connectivity::broadcastWifiResults() --> DirectLink List: []
07-11 19:34:15.100 D/WearableSDK(12300): Connectivity::broadcastWifiResults() --> DirectLink List: []
07-11 19:34:15.102 D/WearableSDK(12300): Connectivity::broadcastWifiResults() --> SideLink List: []
07-11 19:34:15.102 D/WearableSDK(12300): Connectivity::broadcastWifiResults() --> SideLink List: []
07-11 19:34:15.111 D/WearableSDK(12300): Connectivity::broadcastWifiResults() --> DirectLink List: []
07-11 19:34:15.111 D/WearableSDK(12300): Connectivity::broadcastWifiResults() --> DirectLink List: []
07-11 19:34:15.113 D/WearableSDK(12300): Connectivity::broadcastWifiResults() --> SideLink List: []
07-11 19:34:15.113 D/WearableSDK(12300): Connectivity::broadcastWifiResults() --> SideLink List: []
07-11 19:34:15.359 D/WearableSDK(12300): Connectivity::broadcastWifiResults() --> DirectLink List: []
07-11 19:34:15.359 D/WearableSDK(12300): Connectivity::broadcastWifiResults() --> DirectLink List: []
07-11 19:34:15.361 D/WearableSDK(12300): Connectivity::broadcastWifiResults() --> SideLink List: []
07-11 19:34:15.361 D/WearableSDK(12300): Connectivity::broadcastWifiResults() --> SideLink List: []
07-11 19:34:15.613 D/WearableSDK(12300): Connectivity::broadcastWifiResults() --> DirectLink List: []
07-11 19:34:15.613 D/WearableSDK(12300): Connectivity::broadcastWifiResults() --> DirectLink List: []
07-11 19:34:15.614 D/WearableSDK(12300): Connectivity::broadcastWifiResults() --> SideLink List: []
07-11 19:34:15.614 D/WearableSDK(12300): Connectivity::broadcastWifiResults() --> SideLink List: []
07-11 19:34:15.868 D/WearableSDK(12300): Connectivity::broadcastWifiResults() --> DirectLink List: []
07-11 19:34:15.868 D/WearableSDK(12300): Connectivity::broadcastWifiResults() --> DirectLink List: []
07-11 19:34:15.872 D/WearableSDK(12300): Connectivity::broadcastWifiResults() --> SideLink List: []
07-11 19:34:15.872 D/WearableSDK(12300): Connectivity::broadcastWifiResults() --> SideLink List: []
07-11 19:34:16.125 D/WearableSDK(12300): Connectivity::broadcastWifiResults() --> DirectLink List: []
07-11 19:34:16.125 D/WearableSDK(12300): Connectivity::broadcastWifiResults() --> DirectLink List: []
07-11 19:34:16.126 D/WearableSDK(12300): Connectivity::broadcastWifiResults() --> SideLink List: []
07-11 19:34:16.126 D/WearableSDK(12300): Connectivity::broadcastWifiResults() --> SideLink List: []
07-11 19:34:16.379 D/WearableSDK(12300): Connectivity::broadcastWifiResults() --> DirectLink List: []
07-11 19:34:16.379 D/WearableSDK(12300): Connectivity::broadcastWifiResults() --> DirectLink List: []
07-11 19:34:16.384 D/WearableSDK(12300): Connectivity::broadcastWifiResults() --> SideLink List: []
07-11 19:34:16.384 D/WearableSDK(12300): Connectivity::broadcastWifiResults() --> SideLink List: []
07-11 19:34:16.391 D/WearableSDK(12300): Connectivity::broadcastWifiResults() --> DirectLink List: []
07-11 19:34:16.391 D/WearableSDK(12300): Connectivity::broadcastWifiResults() --> DirectLink List: []
07-11 19:34:16.393 D/WearableSDK(12300): Connectivity::broadcastWifiResults() --> SideLink List: []
07-11 19:34:16.393 D/WearableSDK(12300): Connectivity::broadcastWifiResults() --> SideLink List: []
07-11 19:34:16.639 D/WearableSDK(12300): Connectivity::broadcastWifiResults() --> DirectLink List: []
07-11 19:34:16.639 D/WearableSDK(12300): Connectivity::broadcastWifiResults() --> DirectLink List: []
07-11 19:34:16.641 D/WearableSDK(12300): Connectivity::broadcastWifiResults() --> SideLink List: []
07-11 19:34:16.641 D/WearableSDK(12300): Connectivity::broadcastWifiResults() --> SideLink List: []
07-11 19:34:16.893 D/WearableSDK(12300): Connectivity::broadcastWifiResults() --> DirectLink List: []
07-11 19:34:16.893 D/WearableSDK(12300): Connectivity::broadcastWifiResults() --> DirectLink List: []
07-11 19:34:16.896 D/WearableSDK(12300): Connectivity::broadcastWifiResults() --> SideLink List: []
07-11 19:34:16.896 D/WearableSDK(12300): Connectivity::broadcastWifiResults() --> SideLink List: []
07-11 19:34:17.148 D/WearableSDK(12300): Connectivity::broadcastWifiResults() --> DirectLink List: []
07-11 19:34:17.148 D/WearableSDK(12300): Connectivity::broadcastWifiResults() --> DirectLink List: []
07-11 19:34:17.149 D/WearableSDK(12300): Connectivity::broadcastWifiResults() --> SideLink List: []
07-11 19:34:17.149 D/WearableSDK(12300): Connectivity::broadcastWifiResults() --> SideLink List: []
07-11 19:34:17.400 D/WearableSDK(12300): Connectivity::broadcastWifiResults() --> DirectLink List: []
07-11 19:34:17.400 D/WearableSDK(12300): Connectivity::broadcastWifiResults() --> DirectLink List: []
07-11 19:34:17.402 D/WearableSDK(12300): Connectivity::broadcastWifiResults() --> SideLink List: []
07-11 19:34:17.402 D/WearableSDK(12300): Connectivity::broadcastWifiResults() --> SideLink List: []
07-11 19:34:17.653 D/WearableSDK(12300): Connectivity::broadcastWifiResults() --> DirectLink List: []
07-11 19:34:17.653 D/WearableSDK(12300): Connectivity::broadcastWifiResults() --> DirectLink List: []
07-11 19:34:17.655 D/WearableSDK(12300): Connectivity::broadcastWifiResults() --> SideLink List: []
07-11 19:34:17.655 D/WearableSDK(12300): Connectivity::broadcastWifiResults() --> SideLink List: []
07-11 19:34:17.663 D/WearableSDK(12300): Connectivity::broadcastWifiResults() --> DirectLink List: []
07-11 19:34:17.663 D/WearableSDK(12300): Connectivity::broadcastWifiResults() --> DirectLink List: []
07-11 19:34:17.665 D/WearableSDK(12300): Connectivity::broadcastWifiResults() --> SideLink List: []
07-11 19:34:17.665 D/WearableSDK(12300): Connectivity::broadcastWifiResults() --> SideLink List: []
07-11 19:34:17.912 D/WearableSDK(12300): Connectivity::broadcastWifiResults() --> DirectLink List: []
07-11 19:34:17.912 D/WearableSDK(12300): Connectivity::broadcastWifiResults() --> DirectLink List: []
07-11 19:34:17.914 D/WearableSDK(12300): Connectivity::broadcastWifiResults() --> SideLink List: []
07-11 19:34:17.914 D/WearableSDK(12300): Connectivity::broadcastWifiResults() --> SideLink List: []
07-11 19:34:18.166 D/WearableSDK(12300): Connectivity::broadcastWifiResults() --> DirectLink List: []
07-11 19:34:18.166 D/WearableSDK(12300): Connectivity::broadcastWifiResults() --> DirectLink List: []
07-11 19:34:18.168 D/WearableSDK(12300): Connectivity::broadcastWifiResults() --> SideLink List: []
07-11 19:34:18.168 D/WearableSDK(12300): Connectivity::broadcastWifiResults() --> SideLink List: []
07-11 19:34:18.421 D/WearableSDK(12300): Connectivity::broadcastWifiResults() --> DirectLink List: []
07-11 19:34:18.421 D/WearableSDK(12300): Connectivity::broadcastWifiResults() --> DirectLink List: []
07-11 19:34:18.423 D/WearableSDK(12300): Connectivity::broadcastWifiResults() --> SideLink List: []
07-11 19:34:18.423 D/WearableSDK(12300): Connectivity::broadcastWifiResults() --> SideLink List: []
07-11 19:34:18.500 W/ActivityThread(12253): handleWindowVisibility: no activity for token android.os.BinderProxy@ffdb7bd
07-11 19:34:18.500 W/ActivityThread(12253): handleWindowVisibility: no activity for token android.os.BinderProxy@ffdb7bd
07-11 19:34:18.521 D/nav-drawer(12253): overriding setContentView
07-11 19:34:18.521 D/nav-drawer(12253): overriding setContentView
07-11 19:34:18.544 D/LongScreenshotUtil(12253): register longscreenshotReceiver
07-11 19:34:18.544 D/LongScreenshotUtil(12253): register longscreenshotReceiver
07-11 19:34:18.545 D/WearableSDK(12253): WearableSDK::init() - Setting up SDK for client use...
07-11 19:34:18.545 D/WearableSDK(12253): WearableSDK::init() - Setting up SDK for client use...
07-11 19:34:18.545 E/WearableSDK(12253): WearableSDK::init() - SDK init called more than once...skipping...
07-11 19:34:18.545 E/WearableSDK(12253): WearableSDK::init() - SDK init called more than once...skipping...
07-11 19:34:18.552 D/OpenGLRenderer(12253): textureCacheSize 75497472
07-11 19:34:18.552 D/OpenGLRenderer(12253): textureCacheSize 75497472
07-11 19:34:18.562 W/StaticLayout(12253): maxLineHeight should not be -1.  maxLines:1 lineCount:1
07-11 19:34:18.562 W/StaticLayout(12253): maxLineHeight should not be -1.  maxLines:1 lineCount:1
07-11 19:34:18.563 I/chatty  (12253): uid=10139(com.sandisk.connect) identical 4 lines
07-11 19:34:18.563 W/StaticLayout(12253): maxLineHeight should not be -1.  maxLines:1 lineCount:1
07-11 19:34:18.563 I/chatty  (12253): uid=10139(com.sandisk.connect) identical 4 lines
07-11 19:34:18.563 W/StaticLayout(12253): maxLineHeight should not be -1.  maxLines:1 lineCount:1
07-11 19:34:18.577 I/OpenGLRenderer(12253): queryNativeWindowStatus 0xd6afe008 query=0 dataspace=0
07-11 19:34:18.577 I/OpenGLRenderer(12253): queryNativeWindowStatus 0xd6afe008 query=0 dataspace=0
07-11 19:34:18.578 W/StaticLayout(12253): maxLineHeight should not be -1.  maxLines:1 lineCount:1
07-11 19:34:18.578 W/StaticLayout(12253): maxLineHeight should not be -1.  maxLines:1 lineCount:1
07-11 19:34:18.580 I/chatty  (12253): uid=10139(com.sandisk.connect) identical 4 lines
07-11 19:34:18.580 W/StaticLayout(12253): maxLineHeight should not be -1.  maxLines:1 lineCount:1
07-11 19:34:18.581 D/OpenGLRenderer(12253): textureCacheSize 75497472
07-11 19:34:18.580 I/chatty  (12253): uid=10139(com.sandisk.connect) identical 4 lines
07-11 19:34:18.580 W/StaticLayout(12253): maxLineHeight should not be -1.  maxLines:1 lineCount:1
07-11 19:34:18.581 D/OpenGLRenderer(12253): textureCacheSize 75497472
07-11 19:34:18.595 D/        (12253): Gralloc Register  w:720, h:1440, f:0x1, usage:0xb00, ui64Stamp:165308, sSize:4149248, line = 2106
07-11 19:34:18.595 D/        (12253): Gralloc Register  w:720, h:1440, f:0x1, usage:0xb00, ui64Stamp:165308, sSize:4149248, line = 2106
07-11 19:34:18.635 D/        (12253): Gralloc Register  w:720, h:1440, f:0x1, usage:0xb00, ui64Stamp:165314, sSize:4149248, line = 2106
07-11 19:34:18.635 D/        (12253): Gralloc Register  w:720, h:1440, f:0x1, usage:0xb00, ui64Stamp:165314, sSize:4149248, line = 2106
07-11 19:34:18.646 D/        (12253): Gralloc Register  w:720, h:1440, f:0x1, usage:0xb00, ui64Stamp:165315, sSize:4149248, line = 2106
07-11 19:34:18.646 D/        (12253): Gralloc Register  w:720, h:1440, f:0x1, usage:0xb00, ui64Stamp:165315, sSize:4149248, line = 2106
07-11 19:34:18.675 D/WearableSDK(12300): Connectivity::broadcastWifiResults() --> DirectLink List: []
07-11 19:34:18.675 D/WearableSDK(12300): Connectivity::broadcastWifiResults() --> DirectLink List: []
07-11 19:34:18.677 D/WearableSDK(12300): Connectivity::broadcastWifiResults() --> SideLink List: []
07-11 19:34:18.677 D/WearableSDK(12300): Connectivity::broadcastWifiResults() --> SideLink List: []
