[12/7 10:02 p. m.] More: Vino mi esposo x mi
[12/7 10:06 p. m.] Edgar Rios Arellano: Ok NTP ðŸ”—%={ðŸ’Ÿ+ðŸŒ¹+ðŸš€+ðŸŒ=|Ï€Ã·âˆ†Â°Ã·^Ã—Â°^Ï€Ã·%â‚¬Â©%â‚¬%Â¥%Â®%^%Â¢%Â£Â©Â¥%^%â„¢Â®âœ“[]{done}=~%test_tesult_saved[{adress:192.168.1.67*.*"}]>--------- beginning of main
07-11 19:33:31.441 E/sandisk.connec(12150): Not starting debugger since process cannot load the jdwp agent.
07-11 19:33:31.500 I/sandisk.connec(12150): The ClassLoaderContext is a special shared library.
07-11 19:33:31.519 I/MultiDex(12150): VM with version 2.1.0 has multidex support
07-11 19:33:31.519 I/MultiDex(12150): Installing application
07-11 19:33:31.519 I/MultiDex(12150): VM has multidex support, MultiDex support library is disabled.
07-11 19:33:31.662 D/ConnectLaunchActivity(12150): onCreate: ########writing version code to shared preferences
07-11 19:33:31.720 I/MusicPlayer(12150): debug: Creating service
07-11 19:33:31.723 I/GraphicsJNI(12150): qemu gles is 1
07-11 19:33:31.748 W/ActivityThread(12150): handleWindowVisibility: no activity for token android.os.BinderProxy@5bec1a0
07-11 19:33:31.770 D/LongScreenshotUtil(12150): register longscreenshotReceiver
07-11 19:33:31.771 D/OpenGLRenderer(12150): Skia GL Pipeline
07-11 19:33:31.777 D/OpenGLRenderer(12150): textureCacheSize 75497472
07-11 19:33:31.844 I/ConfigStore(12150): android::hardware::configstore::V1_0::ISurfaceFlingerConfigs::hasWideColorDisplay retrieved: 0
07-11 19:33:31.844 I/ConfigStore(12150): android::hardware::configstore::V1_0::ISurfaceFlingerConfigs::hasHDRDisplay retrieved: 0
07-11 19:33:31.844 I/OpenGLRenderer(12150): Initialized EGL, version 1.4
07-11 19:33:31.844 D/OpenGLRenderer(12150): Swap behavior 2
07-11 19:33:31.865 I/OpenGLRenderer(12150): queryNativeWindowStatus 0xf1df8808 query=0 dataspace=0
07-11 19:33:31.872 D/        (12150): Gralloc Register  w:720, h:1440, f:0x1, usage:0xb00, ui64Stamp:164384, sSize:4149248, line = 2106
07-11 19:33:32.018 D/        (12150): Gralloc Register  w:720, h:1440, f:0x1, usage:0xb00, ui64Stamp:164412, sSize:4149248, line = 2106
07-11 19:33:32.049 E/        (12150): stopTimer already called
07-11 19:33:33.064 W/ActivityThread(12150): handleWindowVisibility: no activity for token android.os.BinderProxy@bc44978
07-11 19:33:33.100 I/WebViewFactory(12150): Loading com.android.chrome version 75.0.3770.101 (code 377010137)
07-11 19:33:33.237 I/WebViewFactory(12150): SystemProperties GMSVERSION = 9_201903
07-11 19:33:33.237 I/WebViewFactory(12150): Get WebViewChromiumFactoryProviderForO
07-11 19:33:33.324 I/cr_LibraryLoader(12150): Time to load native libraries: 6 ms (timestamps 2402-2408)
07-11 19:33:33.362 I/chromium(12150): [INFO:library_loader_hooks.cc(50)] Chromium logging enabled: level = 0, default verbosity = 0
07-11 19:33:33.362 I/cr_LibraryLoader(12150): Expected native library version number "75.0.3770.101", actual native library version number "75.0.3770.101"
07-11 19:33:33.390 W/cr_ChildProcLH(12150): Create a new ChildConnectionAllocator with package name = com.android.chrome, sandboxed = true
07-11 19:33:33.421 I/cr_BrowserStartup(12150): Initializing chromium process, singleProcess=false
07-11 19:33:33.469 E/chromium(12150): [ERROR:filesystem_posix.cc(89)] stat /data/user/0/com.sandisk.connect/cache/WebView/Crashpad: No such file or directory (2)
07-11 19:33:33.469 E/chromium(12150): [ERROR:filesystem_posix.cc(62)] mkdir /data/user/0/com.sandisk.connect/cache/WebView/Crashpad: No such file or directory (2)
07-11 19:33:33.757 W/cr_media(12150): Requires BLUETOOTH permission
07-11 19:33:33.768 D/LongScreenshotUtil(12150): register longscreenshotReceiver
07-11 19:33:33.770 D/OpenGLRenderer(12150): textureCacheSize 75497472
07-11 19:33:33.805 I/Choreographer(12150): Skipped 44 frames!  The application may be doing too much work on its main thread.
07-11 19:33:33.848 I/OpenGLRenderer(12150): queryNativeWindowStatus 0xd4d08008 query=0 dataspace=0
07-11 19:33:33.857 W/AudioCapabilities(12150): Unsupported mime audio/ima-adpcm
07-11 19:33:33.858 W/AudioCapabilities(12150): Unsupported mime audio/mpeg-L1
07-11 19:33:33.859 W/AudioCapabilities(12150): Unsupported mime audio/mpeg-L2
07-11 19:33:33.874 D/OpenGLRenderer(12150): textureCacheSize 75497472
07-11 19:33:33.887 W/VideoCapabilities(12150): Unsupported mime video/mjpg
07-11 19:33:33.889 W/VideoCapabilities(12150): Unrecognized profile/level 0/3 for video/mpeg2
07-11 19:33:33.892 W/VideoCapabilities(12150): Unrecognized profile/level 32768/2 for video/mp4v-es
07-11 19:33:33.892 W/VideoCapabilities(12150): Unrecognized profile/level 32768/64 for video/mp4v-es
07-11 19:33:33.892 D/        (12150): Gralloc Register  w:720, h:1440, f:0x1, usage:0xb00, ui64Stamp:164437, sSize:4149248, line = 2106
07-11 19:33:33.913 I/VideoCapabilities(12150): Unsupported profile 4 for video/mp4v-es
07-11 19:33:33.920 W/cr_MediaCodecUtil(12150): HW encoder for video/avc is not available on this device.
07-11 19:33:34.042 D/        (12150): Gralloc Register  w:720, h:1440, f:0x1, usage:0xb00, ui64Stamp:164496, sSize:4149248, line = 2106
07-11 19:33:34.450 D/        (12150): Gralloc UnRegister  w:720, h:1440, f:0x1, usage:0xb00, ui64Stamp:164412 line = 2218
07-11 19:33:34.451 D/        (12150): Gralloc UnRegister  w:720, h:1440, f:0x1, usage:0xb00, ui64Stamp:164384 line = 2218
07-11 19:33:34.635 D/        (12150): Gralloc Register  w:720, h:1440, f:0x1, usage:0xb00, ui64Stamp:164532, sSize:4149248, line = 2106
07-11 19:33:35.967 I/sandisk.connec(12150): System.exit called, status: 0
07-11 19:33:35.967 I/AndroidRuntime(12150): VM exiting with result code 0, cleanup skipped.
07-11 19:33:37.995 E/sandisk.connec(12253): Not starting debugger since process cannot load the jdwp agent.
07-11 19:33:38.038 I/sandisk.connec(12253): The ClassLoaderContext is a special shared library.
07-11 19:33:38.058 I/MultiDex(12253): VM with version 2.1.0 has multidex support
07-11 19:33:38.059 I/MultiDex(12253): Installing application
07-11 19:33:38.059 I/MultiDex(12253): VM has multidex support, MultiDex support library is disabled.
07-11 19:33:38.122 D/ConnectLaunchActivity(12253): onCreate: ########writing version code to shared preferences
07-11 19:33:38.129 D/LongScreenshotUtil(12253): register longscreenshotReceiver
07-11 19:33:38.143 D/OpenGLRenderer(12253): Skia GL Pipeline
07-11 19:33:38.149 D/OpenGLRenderer(12253): textureCacheSize 75497472
07-11 19:33:38.165 I/MusicPlayer(12253): debug: Creating service
07-11 19:33:38.167 I/GraphicsJNI(12253): qemu gles is 1
07-11 19:33:38.214 I/ConfigStore(12253): android::hardware::configstore::V1_0::ISurfaceFlingerConfigs::hasWideColorDisplay retrieved: 0
07-11 19:33:38.215 I/ConfigStore(12253): android::hardware::configstore::V1_0::ISurfaceFlingerConfigs::hasHDRDisplay retrieved: 0
07-11 19:33:38.215 I/OpenGLRenderer(12253): Initialized EGL, version 1.4
07-11 19:33:38.216 D/OpenGLRenderer(12253): Swap behavior 2
07-11 19:33:38.235 I/OpenGLRenderer(12253): queryNativeWindowStatus 0xf1df8808 query=0 dataspace=0
07-11 19:33:38.245 D/        (12253): Gralloc Register  w:720, h:1440, f:0x1, usage:0xb00, ui64Stamp:164627, sSize:4149248, line = 2106
07-11 19:33:38.310 D/        (12253): Gralloc Register  w:720, h:1440, f:0x1, usage:0xb00, ui64Stamp:164653, sSize:4149248, line = 2106
07-11 19:33:40.905 D/WearableSDK(12253): WearableSDK::init() - Setting up SDK for client use...
07-11 19:33:41.012 D/WearableSDK(12253): DBManager::onCreate() - Creating a new v3 database.
07-11 19:33:41.018 D/WearableSDK(12253): DBManager::onCreate() - Database created - v3
07-11 19:33:41.020 D/WearableSDK(12253): DBManager::deleteExpiredAudioMetadataTags() - Removed 0 tags
07-11 19:33:41.021 D/WearableSDK(12253): DBManager::deleteExpiredVideoMetadataTags() - Removed 0 tags
07-11 19:33:41.028 E/WearableSDK(12253): Connectivity::onCreate::onAvailable() - NETWORK FOUND: 101
07-11 19:33:41.037 E/WearableSDK(12253): BackgroundTransferProxy::onCreate::onAvailable() - NETWORK FOUND: 101
07-11 19:33:41.039 D/WearableSDK(12253): ImageCache::clear() - Starting cache prune, deleting files.
07-11 19:33:41.040 D/WearableSDK(12253): ImageCache::clear() - Cache pruning completed, 0 file(s) deleted.
07-11 19:33:41.041 D/WearableSDK(12253): WearableSDK::init() - SDK ready for client use.
07-11 19:33:41.046 D/NetworkSecurityConfig(12253): No Network Security Config specified, using platform default
07-11 19:33:41.049 D/LongScreenshotUtil(12253): register longscreenshotReceiver
07-11 19:33:41.051 D/WearableSDK(12253): WearableSDK::init() - Setting up SDK for client use...
07-11 19:33:41.051 E/WearableSDK(12253): WearableSDK::init() - SDK init called more than once...skipping...
07-11 19:33:41.064 E/connectivity.v(12300): Not starting debugger since process cannot load the jdwp agent.
07-11 19:33:41.076 D/        (12253): Gralloc Register  w:720, h:1440, f:0x1, usage:0xb00, ui64Stamp:164749, sSize:4149248, line = 2106
07-11 19:33:41.105 E/kgroundtransfe(12315): Not starting debugger since process cannot load the jdwp agent.
07-11 19:33:41.110 I/connectivity.v(12300): The ClassLoaderContext is a special shared library.
07-11 19:33:41.140 I/kgroundtransfe(12315): The ClassLoaderContext is a special shared library.
07-11 19:33:41.140 I/MultiDex(12300): VM with version 2.1.0 has multidex support
07-11 19:33:41.140 I/MultiDex(12300): Installing application
07-11 19:33:41.140 I/MultiDex(12300): VM has multidex support, MultiDex support library is disabled.
07-11 19:33:41.148 D/WearableSDK(12300): WearableSDK::init() - Setting up SDK for client use...
07-11 19:33:41.157 D/WearableSDK(12300): DBManager::deleteExpiredAudioMetadataTags() - Removed 0 tags
07-11 19:33:41.158 D/WearableSDK(12300): DBManager::deleteExpiredVideoMetadataTags() - Removed 0 tags
07-11 19:33:41.161 I/MultiDex(12315): VM with version 2.1.0 has multidex support
07-11 19:33:41.161 I/MultiDex(12315): Installing application
07-11 19:33:41.161 I/MultiDex(12315): VM has multidex support, MultiDex support library is disabled.
07-11 19:33:41.166 E/WearableSDK(12300): Connectivity::onCreate::onAvailable() - NETWORK FOUND: 101
07-11 19:33:41.168 D/WearableSDK(12315): WearableSDK::init() - Setting up SDK for client use...
--------- beginning of main
07-11 19:33:31.441 E/sandisk.connec(12150): Not starting debugger since process cannot load the jdwp agent.
07-11 19:33:31.500 I/sandisk.connec(12150): The ClassLoaderContext is a special shared library.
07-11 19:33:31.519 I/MultiDex(12150): VM with version 2.1.0 has multidex support
07-11 19:33:31.519 I/MultiDex(12150): Installing application
07-11 19:33:31.519 I/MultiDex(12150): VM has multidex support, MultiDex support library is disabled.
07-11 19:33:41.178 D/WearableSDK(12315): DBManager::deleteExpiredAudioMetadataTags() - Removed 0 tags
07-11 19:33:31.662 D/ConnectLaunchActivity(12150): onCreate: ########writing version code to shared preferences
07-11 19:33:31.720 I/MusicPlayer(12150): debug: Creating service
07-11 19:33:31.723 I/GraphicsJNI(12150): qemu gles is 1
07-11 19:33:31.748 W/ActivityThread(12150): handleWindowVisibility: no activity for token android.os.BinderProxy@5bec1a0
07-11 19:33:31.770 D/LongScreenshotUtil(12150): register longscreenshotReceiver
07-11 19:33:31.771 D/OpenGLRenderer(12150): Skia GL Pipeline
07-11 19:33:31.777 D/OpenGLRenderer(12150): textureCacheSize 75497472
07-11 19:33:31.844 I/ConfigStore(12150): android::hardware::configstore::V1_0::ISurfaceFlingerConfigs::hasWideColorDisplay retrieved: 0
07-11 19:33:31.844 I/ConfigStore(12150): android::hardware::configstore::V1_0::ISurfaceFlingerConfigs::hasHDRDisplay retrieved: 0
07-11 19:33:31.844 I/OpenGLRenderer(12150): Initialized EGL, version 1.4
07-11 19:33:31.844 D/OpenGLRenderer(12150): Swap behavior 2
07-11 19:33:31.865 I/OpenGLRenderer(12150): queryNativeWindowStatus 0xf1df8808 query=0 dataspace=0
07-11 19:33:31.872 D/        (12150): Gralloc Register  w:720, h:1440, f:0x1, usage:0xb00, ui64Stamp:164384, sSize:4149248, line = 2106
07-11 19:33:32.018 D/        (12150): Gralloc Register  w:720, h:1440, f:0x1, usage:0xb00, ui64Stamp:164412, sSize:4149248, line = 2106
07-11 19:33:32.049 E/        (12150): stopTimer already called
07-11 19:33:33.064 W/ActivityThread(12150): handleWindowVisibility: no activity for token android.os.BinderProxy@bc44978
07-11 19:33:33.100 I/WebViewFactory(12150): Loading com.android.chrome version 75.0.3770.101 (code 377010137)
07-11 19:33:33.237 I/WebViewFactory(12150): SystemProperties GMSVERSION = 9_201903
07-11 19:33:33.237 I/WebViewFactory(12150): Get WebViewChromiumFactoryProviderForO
07-11 19:33:33.324 I/cr_LibraryLoader(12150): Time to load native libraries: 6 ms (timestamps 2402-2408)
07-11 19:33:33.362 I/chromium(12150): [INFO:library_loader_hooks.cc(50)] Chromium logging enabled: level = 0, default verbosity = 0
07-11 19:33:33.362 I/cr_LibraryLoader(12150): Expected native library version number "75.0.3770.101", actual native library version number "75.0.3770.101"
07-11 19:33:33.390 W/cr_ChildProcLH(12150): Create a new ChildConnectionAllocator with package name = com.android.chrome, sandboxed = true
07-11 19:33:33.421 I/cr_BrowserStartup(12150): Initializing chromium process, singleProcess=false
07-11 19:33:33.469 E/chromium(12150): [ERROR:filesystem_posix.cc(89)] stat /data/user/0/com.sandisk.connect/cache/WebView/Crashpad: No such file or directory (2)
07-11 19:33:33.469 E/chromium(12150): [ERROR:filesystem_posix.cc(62)] mkdir /data/user/0/com.sandisk.connect/cache/WebView/Crashpad: No such file or directory (2)
07-11 19:33:33.757 W/cr_media(12150): Requires BLUETOOTH permission
07-11 19:33:33.768 D/LongScreenshotUtil(12150): register longscreenshotReceiver
07-11 19:33:33.770 D/OpenGLRenderer(12150): textureCacheSize 75497472
07-11 19:33:41.179 D/WearableSDK(12315): DBManager::deleteExpiredVideoMetadataTags() - Removed 0 tags
07-11 19:33:33.805 I/Choreographer(12150): Skipped 44 frames!  The application may be doing too much work on its main thread.
07-11 19:33:41.184 E/WearableSDK(12300): BackgroundTransferProxy::onCreate::onAvailable() - NETWORK FOUND: 101
07-11 19:33:33.848 I/OpenGLRenderer(12150): queryNativeWindowStatus 0xd4d08008 query=0 dataspace=0
07-11 19:33:33.857 W/AudioCapabilities(12150): Unsupported mime audio/ima-adpcm
07-11 19:33:33.858 W/AudioCapabilities(12150): Unsupported mime audio/mpeg-L1
07-11 19:33:33.859 W/AudioCapabilities(12150): Unsupported mime audio/mpeg-L2
07-11 19:33:33.874 D/OpenGLRenderer(12150): textureCacheSize 75497472
07-11 19:33:33.887 W/VideoCapabilities(12150): Unsupported mime video/mjpg
07-11 19:33:33.889 W/VideoCapabilities(12150): Unrecognized profile/level 0/3 for video/mpeg2
07-11 19:33:33.892 W/VideoCapabilities(12150): Unrecognized profile/level 32768/2 for video/mp4v-es
07-11 19:33:33.892 W/VideoCapabilities(12150): Unrecognized profile/level 32768/64 for video/mp4v-es
07-11 19:33:33.892 D/        (12150): Gralloc Register  w:720, h:1440, f:0x1, usage:0xb00, ui64Stamp:164437, sSize:4149248, line = 2106
07-11 19:33:33.913 I/VideoCapabilities(12150): Unsupported profile 4 for video/mp4v-es
07-11 19:33:33.920 W/cr_MediaCodecUtil(12150): HW encoder for video/avc is not available on this device.
07-11 19:33:34.042 D/        (12150): Gralloc Register  w:720, h:1440, f:0x1, usage:0xb00, ui64Stamp:164496, sSize:4149248, line = 2106
07-11 19:33:34.450 D/        (12150): Gralloc UnRegister  w:720, h:1440, f:0x1, usage:0xb00, ui64Stamp:164412 line = 2218
07-11 19:33:34.451 D/        (12150): Gralloc UnRegister  w:720, h:1440, f:0x1, usage:0xb00, ui64Stamp:164384 line = 2218
07-11 19:33:34.635 D/        (12150): Gralloc Register  w:720, h:1440, f:0x1, usage:0xb00, ui64Stamp:164532, sSize:4149248, line = 2106
07-11 19:33:35.967 I/sandisk.connec(12150): System.exit called, status: 0
07-11 19:33:35.967 I/AndroidRuntime(12150): VM exiting with result code 0, cleanup skipped.
07-11 19:33:37.995 E/sandisk.connec(12253): Not starting debugger since process cannot load the jdwp agent.
07-11 19:33:38.038 I/sandisk.connec(12253): The ClassLoaderContext is a special shared library.
07-11 19:33:38.058 I/MultiDex(12253): VM with version 2.1.0 has multidex support
07-11 19:33:38.059 I/MultiDex(12253): Installing application
07-11 19:33:38.059 I/MultiDex(12253): VM has multidex support, MultiDex support library is disabled.
07-11 19:33:38.122 D/ConnectLaunchActivity(12253): onCreate: ########writing version code to shared preferences
07-11 19:33:38.129 D/LongScreenshotUtil(12253): register longscreenshotReceiver
07-11 19:33:38.143 D/OpenGLRenderer(12253): Skia GL Pipeline
07-11 19:33:38.149 D/OpenGLRenderer(12253): textureCacheSize 75497472
07-11 19:33:38.165 I/MusicPlayer(12253): debug: Creating service
07-11 19:33:38.167 I/GraphicsJNI(12253): qemu gles is 1
07-11 19:33:38.214 I/ConfigStore(12253): android::hardware::configstore::V1_0::ISurfaceFlingerConfigs::hasWideColorDisplay retrieved: 0
07-11 19:33:38.215 I/ConfigStore(12253): android::hardware::configstore::V1_0::ISurfaceFlingerConfigs::hasHDRDisplay retrieved: 0
07-11 19:33:38.215 I/OpenGLRenderer(12253): Initialized EGL, version 1.4
07-11 19:33:38.216 D/OpenGLRenderer(12253): Swap behavior 2
07-11 19:33:38.235 I/OpenGLRenderer(12253): queryNativeWindowStatus 0xf1df8808 query=0 dataspace=0
07-11 19:33:38.245 D/        (12253): Gralloc Register  w:720, h:1440, f:0x1, usage:0xb00, ui64Stamp:164627, sSize:4149248, line = 2106
07-11 19:33:38.310 D/        (12253): Gralloc Register  w:720, h:1440, f:0x1, usage:0xb00, ui64Stamp:164653, sSize:4149248, line = 2106
07-11 19:33:40.905 D/WearableSDK(12253): WearableSDK::init() - Setting up SDK for client use...
07-11 19:33:41.012 D/WearableSDK(12253): DBManager::onCreate() - Creating a new v3 database.
07-11 19:33:41.189 D/WearableSDK(12300): ImageCache::clear() - Starting cache prune, deleting files.
07-11 19:33:41.018 D/WearableSDK(12253): DBManager::onCreate() - Database created - v3
07-11 19:33:41.193 D/WearableSDK(12300): ImageCache::clear() - Cache pruning completed, 0 file(s) deleted.
07-11 19:33:41.020 D/WearableSDK(12253): DBManager::deleteExpiredAudioMetadataTags() - Removed 0 tags
07-11 19:33:41.195 D/WearableSDK(12300): WearableSDK::init() - SDK ready for client use.
07-11 19:33:41.021 D/WearableSDK(12253): DBManager::deleteExpiredVideoMetadataTags() - Removed 0 tags
07-11 19:33:41.201 E/WearableSDK(12315): Connectivity::onCreate::onAvailable() - NETWORK FOUND: 101
07-11 19:33:41.028 E/WearableSDK(12253): Connectivity::onCreate::onAvailable() - NETWORK FOUND: 101
07-11 19:33:41.037 E/WearableSDK(12253): BackgroundTransferProxy::onCreate::onAvailable() - NETWORK FOUND: 101
07-11 19:33:41.039 D/WearableSDK(12253): ImageCache::clear() - Starting cache prune, deleting files.
07-11 19:33:41.040 D/WearableSDK(12253): ImageCache::clear() - Cache pruning completed, 0 file(s) deleted.
07-11 19:33:41.041 D/WearableSDK(12253): WearableSDK::init() - SDK ready for client use.
07-11 19:33:41.046 D/NetworkSecurityConfig(12253): No Network Security Config specified, using platform default
07-11 19:33:41.049 D/LongScreenshotUtil(12253): register longscreenshotReceiver
07-11 19:33:41.051 D/WearableSDK(12253): WearableSDK::init() - Setting up SDK for client use...
07-11 19:33:41.051 E/WearableSDK(12253): WearableSDK::init() - SDK init called more than once...skipping...
07-11 19:33:41.064 E/connectivity.v(12300): Not starting debugger since process cannot load the jdwp agent.
07-11 19:33:41.076 D/        (12253): Gralloc Register  w:720, h:1440, f:0x1, usage:0xb00, ui64Stamp:164749, sSize:4149248, line = 2106
07-11 19:33:41.105 E/kgroundtransfe(12315): Not starting debugger since process cannot load the jdwp agent.
07-11 19:33:41.110 I/connectivity.v(12300): The ClassLoaderContext is a special shared library.
07-11 19:33:41.140 I/kgroundtransfe(12315): The ClassLoaderContext is a special shared library.
07-11 19:33:41.140 I/MultiDex(12300): VM with version 2.1.0 has multidex support
07-11 19:33:41.140 I/MultiDex(12300): Installing application
07-11 19:33:41.140 I/MultiDex(12300): VM has multidex support, MultiDex support library is disabled.
07-11 19:33:41.148 D/WearableSDK(12300): WearableSDK::init() - Setting up SDK for client use...
07-11 19:33:41.157 D/WearableSDK(12300): DBManager::deleteExpiredAudioMetadataTags() - Removed 0 tags
07-11 19:33:41.158 D/WearableSDK(12300): DBManager::deleteExpiredVideoMetadataTags() - Removed 0 tags
07-11 19:33:41.161 I/MultiDex(12315): VM with version 2.1.0 has multidex support
07-11 19:33:41.161 I/MultiDex(12315): Installing application
07-11 19:33:41.161 I/MultiDex(12315): VM has multidex support, MultiDex support library is disabled.
07-11 19:33:41.166 E/WearableSDK(12300): Connectivity::onCreate::onAvailable() - NETWORK FOUND: 101
07-11 19:33:41.168 D/WearableSDK(12315): WearableSDK::init() - Setting up SDK for client use...
07-11 19:33:41.178 D/WearableSDK(12315): DBManager::deleteExpiredAudioMetadataTags() - Removed 0 tags
07-11 19:33:41.215 E/WearableSDK(12315): BackgroundTransferProxy::onCreate::onAvailable() - NETWORK FOUND: 101
07-11 19:33:41.215 D/NetworkSecurityConfig(12300): No Network Security Config specified, using platform default
07-11 19:33:41.179 D/WearableSDK(12315): DBManager::deleteExpiredVideoMetadataTags() - Removed 0 tags
07-11 19:33:41.184 E/WearableSDK(12300): BackgroundTransferProxy::onCreate::onAvailable() - NETWORK FOUND: 101
07-11 19:33:41.220 D/WearableSDK(12315): ImageCache::clear() - Starting cache prune, deleting files.
07-11 19:33:41.221 D/WearableSDK(12315): ImageCache::clear() - Cache pruning completed, 0 file(s) deleted.
07-11 19:33:41.223 D/WearableSDK(12315): WearableSDK::init() - SDK ready for client use.
07-11 19:33:41.189 D/WearableSDK(12300): ImageCache::clear() - Starting cache prune, deleting files.
07-11 19:33:41.193 D/WearableSDK(12300): ImageCache::clear() - Cache pruning completed, 0 file(s) deleted.
07-11 19:33:41.195 D/WearableSDK(12300): WearableSDK::init() - SDK ready for client use.
07-11 19:33:41.201 E/WearableSDK(12315): Connectivity::onCreate::onAvailable() - NETWORK FOUND: 101
07-11 19:33:41.215 E/WearableSDK(12315): BackgroundTransferProxy::onCreate::onAvailable() - NETWORK FOUND: 101
07-11 19:33:41.228 E/WearableSDK(12300): Connectivity::onCreate::onAvailable() - NETWORK FOUND: 101
07-11 19:33:41.215 D/NetworkSecurityConfig(12300): No Network Security Config specified, using platform default
07-11 19:33:41.234 D/NetworkSecurityConfig(12315): No Network Security Config specified, using platform default
07-11 19:33:41.220 D/WearableSDK(12315): ImageCache::clear() - Starting cache prune, deleting files.
07-11 19:33:41.236 D/WearableSDK(12253): ConnectivityProxy::bindService() - Connectivity Service bound.
07-11 19:33:41.221 D/WearableSDK(12315): ImageCache::clear() - Cache pruning completed, 0 file(s) deleted.
07-11 19:33:41.238 E/WearableSDK(12315): BackgroundTransferService::onCreate::onAvailable() - NETWORK FOUND: 101
07-11 19:33:41.223 D/WearableSDK(12315): WearableSDK::init() - SDK ready for client use.
07-11 19:33:41.239 D/WearableSDK(12300): Connectivity::setRootDNSName() - Setting Root DNS name to: airstash.
07-11 19:33:41.241 D/WearableSDK(12253): ConnectivityProxy::bindService() - Version: 1
07-11 19:33:41.228 E/WearableSDK(12300): Connectivity::onCreate::onAvailable() - NETWORK FOUND: 101
07-11 19:33:41.242 D/WearableSDK(12253): ConnectivityProxy::bindService() - Expected Version: 1
07-11 19:33:41.234 D/NetworkSecurityConfig(12315): No Network Security Config specified, using platform default
07-11 19:33:41.242 D/WearableSDK(12300): ConnectivityProxy::bindService() - Connectivity Service bound.
07-11 19:33:41.236 D/WearableSDK(12253): ConnectivityProxy::bindService() - Connectivity Service bound.
07-11 19:33:41.242 D/WearableSDK(12300): Connectivity::setRootDNSName() - Setting Root DNS name to: airstash.
07-11 19:33:41.238 E/WearableSDK(12315): BackgroundTransferService::onCreate::onAvailable() - NETWORK FOUND: 101
07-11 19:33:41.242 D/WearableSDK(12300): ConnectivityProxy::bindService() - Version: 1
07-11 19:33:41.239 D/WearableSDK(12300): Connectivity::setRootDNSName() - Setting Root DNS name to: airstash.
07-11 19:33:41.242 D/WearableSDK(12300): ConnectivityProxy::bindService() - Expected Version: 1
07-11 19:33:41.241 D/WearableSDK(12253): ConnectivityProxy::bindService() - Version: 1
07-11 19:33:41.242 D/WearableSDK(12253): ConnectivityProxy::bindService() - Expected Version: 1
07-11 19:33:41.242 D/WearableSDK(12300): ConnectivityProxy::bindService() - Connectivity Service bound.
07-11 19:33:41.242 D/WearableSDK(12300): Connectivity::setRootDNSName() - Setting Root DNS name to: airstash.
07-11 19:33:41.242 D/WearableSDK(12300): ConnectivityProxy::bindService() - Version: 1
07-11 19:33:41.242 D/WearableSDK(12300): ConnectivityProxy::bindService() - Expected Version: 1
07-11 19:33:41.267 D/WearableBTS(12300): BackgroundTransferProxy::bindService() - Background Transfer Service bound.
07-11 19:33:41.267 D/WearableBTS(12300): BackgroundTransferProxy::bindService() - Background Transfer Service bound.
07-11 19:33:41.268 D/WearableSDK(12315): ConnectivityProxy::bindService() - Connectivity Service bound.
07-11 19:33:41.270 D/WearableBTS(12253): BackgroundTransferProxy::bindService() - Background Transfer Service bound.
07-11 19:33:41.268 D/WearableSDK(12315): ConnectivityProxy::bindService() - Connectivity Service bound.
07-11 19:33:41.270 D/WearableBTS(12253): BackgroundTransferProxy::bindService() - Background Transfer Service bound.
07-11 19:33:41.272 D/WearableBTS(12253): BackgroundTransferProxy::bindService() - Version: 1
07-11 19:33:41.272 D/WearableBTS(12253): BackgroundTransferProxy::bindService() - Version: 1
07-11 19:33:41.272 D/WearableSDK(12300): Connectivity::setRootDNSName() - Setting Root DNS name to: airstash.
07-11 19:33:41.272 D/WearableSDK(12300): Connectivity::setRootDNSName() - Setting Root DNS name to: airstash.
07-11 19:33:41.272 D/WearableBTS(12253): BackgroundTransferProxy::bindService() - Expected Version: 1
07-11 19:33:41.272 D/WearableBTS(12253): BackgroundTransferProxy::bindService() - Expected Version: 1
07-11 19:33:41.273 D/WearableBTS(12300): BackgroundTransferProxy::bindService() - Version: 1
07-11 19:33:41.273 D/WearableBTS(12300): BackgroundTransferProxy::bindService() - Expected Version: 1
07-11 19:33:41.273 D/WearableSDK(12315): ConnectivityProxy::bindService() - Version: 1
07-11 19:33:41.273 D/WearableSDK(12315): ConnectivityProxy::bindService() - Expected Version: 1
07-11 19:33:41.274 D/WearableBTS(12315): BackgroundTransferProxy::bindService() - Background Transfer Service bound.
07-11 19:33:41.274 D/WearableBTS(12315): BackgroundTransferProxy::bindService() - Version: 1
07-11 19:33:41.274 D/WearableBTS(12315): BackgroundTransferProxy::bindService() - Expected Version: 1
07-11 19:33:41.273 D/WearableBTS(12300): BackgroundTransferProxy::bindService() - Version: 1
07-11 19:33:41.273 D/WearableBTS(12300): BackgroundTransferProxy::bindService() - Expected Version: 1
07-11 19:33:41.273 D/WearableSDK(12315): ConnectivityProxy::bindService() - Version: 1
07-11 19:33:41.273 D/WearableSDK(12315): ConnectivityProxy::bindService() - Expected Version: 1
07-11 19:33:41.274 D/WearableBTS(12315): BackgroundTransferProxy::bindService() - Background Transfer Service bound.
07-11 19:33:41.274 D/WearableBTS(12315): BackgroundTransferProxy::bindService() - Version: 1
07-11 19:33:41.274 D/WearableBTS(12315): BackgroundTransferProxy::bindService() - Expected Version: 1
07-11 19:33:41.576 D/WearableSDK(12300): Connectivity::startSearchingForDevices() --> Device Search Starting...
07-11 19:33:41.576 D/WearableSDK(12300): Connectivity::startSearchingForDevices() --> Device Search Starting...
07-11 19:33:41.580 D/WearableSDK(12300): Connectivity::startSearchingForDevices() --> Current Network SSID: "IZZI-20DD"
07-11 19:33:41.580 D/WearableSDK(12300): Connectivity::startSearchingForDevices() --> Current Network SSID: "IZZI-20DD"
07-11 19:33:41.588 D/WearableSDK(12300): Connectivity::startBonjour() - Starting bonjour service....
07-11 19:33:41.588 D/WearableSDK(12300): Connectivity::startBonjour() - Starting bonjour service....
07-11 19:33:41.609 D/WearableSDK(12300): Bonjour::Bonjour() - Instance created.
07-11 19:33:41.609 D/WearableSDK(12300): Bonjour::Bonjour() - Instance created.
07-11 19:33:41.824 D/WearableSDK(12300): Connectivity::broadcastWifiResults() --> DirectLink List: []
07-11 19:33:41.824 D/WearableSDK(12300): Connectivity::broadcastWifiResults() --> DirectLink List: []
07-11 19:33:41.828 D/WearableSDK(12300): Connectivity::broadcastWifiResults() --> SideLink List: []
07-11 19:33:41.828 D/WearableSDK(12300): Connectivity::broadcastWifiResults() --> SideLink List: []
07-11 19:33:41.862 D/WearableSDK(12300): Connectivity::startBonjour() - Bonjour service started.
07-11 19:33:41.862 D/WearableSDK(12300): Connectivity::startBonjour() - Bonjour service started.
07-11 19:33:42.357 D/WearableSDK(12300): Connectivity::broadcastWifiResults() --> DirectLink List: []
07-11 19:33:42.357 D/WearableSDK(12300): Connectivity::broadcastWifiResults() --> DirectLink List: []
07-11 19:33:42.360 D/WearableSDK(12300): Connectivity::broadcastWifiResults() --> SideLink List: []
07-11 19:33:42.360 D/WearableSDK(12300): Connectivity::broadcastWifiResults() --> SideLink List: []
07-11 19:33:42.613 D/WearableSDK(12300): Connectivity::broadcastWifiResults() --> DirectLink List: []
07-11 19:33:42.613 D/WearableSDK(12300): Connectivity::broadcastWifiResults() --> DirectLink List: []
07-11 19:33:42.616 D/WearableSDK(12300): Connectivity::broadcastWifiResults() --> SideLink List: []
07-11 19:33:42.616 D/WearableSDK(12300): Connectivity::broadcastWifiResults() --> SideLink List: []
07-11 19:33:42.718 D/WearableSDK(12300): Connectivity::broadcastWifiResults() --> DirectLink List: []
07-11 19:33:42.718 D/WearableSDK(12300): Connectivity::broadcastWifiResults() --> DirectLink List: []
07-11 19:33:42.721 D/WearableSDK(12300): Connectivity::broadcastWifiResults() --> SideLink List: []
07-11 19:33:42.721 D/WearableSDK(12300): Connectivity::broadcastWifiResults() --> SideLink List: []
07-11 19:33:42.868 D/WearableSDK(12300): Connectivity::broadcastWifiResults() --> DirectLink List: []
07-11 19:33:42.868 D/WearableSDK(12300): Connectivity::broadcastWifiResults() --> DirectLink List: []
07-11 19:33:42.870 D/WearableSDK(12300): Connectivity::broadcastWifiResults() --> SideLink List: []
07-11 19:33:42.870 D/WearableSDK(12300): Connectivity::broadcastWifiResults() --> SideLink List: []
07-11 19:33:43.122 D/WearableSDK(12300): Connectivity::broadcastWifiResults() --> DirectLink List: []
07-11 19:33:43.122 D/WearableSDK(12300): Connectivity::broadcastWifiResults() --> DirectLink List: []
07-11 19:33:43.125 D/WearableSDK(12300): Connectivity::broadcastWifiResults() --> SideLink List: []
07-11 19:33:43.125 D/WearableSDK(12300): Connectivity::broadcastWifiResults() --> SideLink List: []
07-11 19:33:43.380 D/WearableSDK(12300): Connectivity::broadcastWifiResults() --> DirectLink List: []
07-11 19:33:43.380 D/WearableSDK(12300): Connectivity::broadcastWifiResults() --> DirectLink List: []
07-11 19:33:43.382 D/WearableSDK(12300): Connectivity::broadcastWifiResults() --> SideLink List: []
07-11 19:33:43.382 D/WearableSDK(12300): Connectivity::broadcastWifiResults() --> SideLink List: []
07-11 19:33:43.634 D/WearableSDK(12300): Connectivity::broadcastWifiResults() --> DirectLink List: []
07-11 19:33:43.634 D/WearableSDK(12300): Connectivity::broadcastWifiResults() --> DirectLink List: []
07-11 19:33:43.638 D/WearableSDK(12300): Connectivity::broadcastWifiResults() --> SideLink List: []
07-11 19:33:43.638 D/WearableSDK(12300): Connectivity::broadcastWifiResults() --> SideLink List: []
07-11 19:33:43.740 D/WearableSDK(12300): Connectivity::broadcastWifiResults() --> DirectLink List: []
07-11 19:33:43.740 D/WearableSDK(12300): Connectivity::broadcastWifiResults() --> DirectLink List: []
07-11 19:33:43.742 D/WearableSDK(12300): Connectivity::broadcastWifiResults() --> SideLink List: []
07-11 19:33:43.742 D/WearableSDK(12300): Connectivity::broadcastWifiResults() --> SideLink List: []
07-11 19:33:43.893 D/WearableSDK(12300): Connectivity::broadcastWifiResults() --> DirectLink List: []
07-11 19:33:43.893 D/WearableSDK(12300): Connectivity::broadcastWifiResults() --> DirectLink List: []
07-11 19:33:43.895 D/WearableSDK(12300): Connectivity::broadcastWifiResults() --> SideLink List: []
07-11 19:33:43.895 D/WearableSDK(12300): Connectivity::broadcastWifiResults() --> SideLink List: []
07-11 19:33:44.147 D/WearableSDK(12300): Connectivity::broadcastWifiResults() --> DirectLink List: []
07-11 19:33:44.147 D/WearableSDK(12300): Connectivity::broadcastWifiResults() --> DirectLink List: []
07-11 19:33:44.150 D/WearableSDK(12300): Connectivity::broadcastWifiResults() --> SideLink List: []
07-11 19:33:44.150 D/WearableSDK(12300): Connectivity::broadcastWifiResults() --> SideLink List: []
07-11 19:33:44.221 W/System  (12300): A resource failed to call end.
07-11 19:33:44.221 W/System  (12300): A resource failed to call end.
07-11 19:33:44.403 D/WearableSDK(12300): Connectivity::broadcastWifiResults() --> DirectLink List: []
07-11 19:33:44.403 D/WearableSDK(12300): Connectivity::broadcastWifiResults() --> DirectLink List: []
07-11 19:33:44.406 D/WearableSDK(12300): Connectivity::broadcastWifiResults() --> SideLink List: []
07-11 19:33:44.406 D/WearableSDK(12300): Connectivity::broadcastWifiResults() --> SideLink List: []
07-11 19:33:44.660 D/WearableSDK(12300): Connectivity::broadcastWifiResults() --> DirectLink List: []
07-11 19:33:44.660 D/WearableSDK(12300): Connectivity::broadcastWifiResults() --> DirectLink List: []
07-11 19:33:44.663 D/WearableSDK(12300): Connectivity::broadcastWifiResults() --> SideLink List: []
07-11 19:33:44.663 D/WearableSDK(12300): Connectivity::broadcastWifiResults() --> SideLink List: []
07-11 19:33:44.915 D/WearableSDK(12300): Connectivity::broadcastWifiResults() --> DirectLink List: []
07-11 19:33:44.915 D/WearableSDK(12300): Connectivity::broadcastWifiResults() --> DirectLink List: []
07-11 19:33:44.918 D/WearableSDK(12300): Connectivity::broadcastWifiResults() --> SideLink List: []
07-11 19:33:44.918 D/WearableSDK(12300): Connectivity::broadcastWifiResults() --> SideLink List: []
07-11 19:33:45.016 D/WearableSDK(12300): Connectivity::broadcastWifiResults() --> DirectLink List: []
07-11 19:33:45.016 D/WearableSDK(12300): Connectivity::broadcastWifiResults() --> DirectLink List: []
07-11 19:33:45.020 D/WearableSDK(12300): Connectivity::broadcastWifiResults() --> SideLink List: []
07-11 19:33:45.020 D/WearableSDK(12300): Connectivity::broadcastWifiResults() --> SideLink List: []
07-11 19:33:45.170 D/WearableSDK(12300): Connectivity::broadcastWifiResults() --> DirectLink List: []
07-11 19:33:45.170 D/WearableSDK(12300): Connectivity::broadcastWifiResults() --> DirectLink List: []
07-11 19:33:45.172 D/WearableSDK(12300): Connectivity::broadcastWifiResults() --> SideLink List: []
07-11 19:33:45.172 D/WearableSDK(12300): Connectivity::broadcastWifiResults() --> SideLink List: []
07-11 19:33:45.424 D/WearableSDK(12300): Connectivity::broadcastWifiResults() --> DirectLink List: []
07-11 19:33:45.424 D/WearableSDK(12300): Connectivity::broadcastWifiResults() --> DirectLink List: []
07-11 19:33:45.426 D/WearableSDK(12300): Connectivity::broadcastWifiResults() --> SideLink List: []
07-11 19:33:45.426 D/WearableSDK(12300): Connectivity::broadcastWifiResults() --> SideLink List: []
07-11 19:33:45.679 D/WearableSDK(12300): Connectivity::broadcastWifiResults() --> DirectLink List: []
07-11 19:33:45.679 D/WearableSDK(12300): Connectivity::broadcastWifiResults() --> DirectLink List: []
07-11 19:33:45.681 D/WearableSDK(12300): Connectivity::broadcastWifiResults() --> SideLink List: []
07-11 19:33:45.681 D/WearableSDK(12300): Connectivity::broadcastWifiResults() --> SideLink List: []
07-11 19:33:45.692 D/WearableSDK(12300): Connectivity::broadcastWifiResults() --> DirectLink List: []
07-11 19:33:45.692 D/WearableSDK(12300): Connectivity::broadcastWifiResults() --> DirectLink List: []
07-11 19:33:45.696 D/WearableSDK(12300): Connectivity::broadcastWifiResults() --> SideLink List: []
07-11 19:33:45.696 D/WearableSDK(12300): Connectivity::broadcastWifiResults() --> SideLink List: []
07-11 19:33:45.937 D/WearableSDK(12300): Connectivity::broadcastWifiResults() --> DirectLink List: []
07-11 19:33:45.937 D/WearableSDK(12300): Connectivity::broadcastWifiResults() --> DirectLink List: []
07-11 19:33:45.939 D/WearableSDK(12300): Connectivity::broadcastWifiResults() --> SideLink List: []
07-11 19:33:45.939 D/WearableSDK(12300): Connectivity::broadcastWifiResults() --> SideLink List: []
07-11 19:33:46.192 D/WearableSDK(12300): Connectivity::broadcastWifiResults() --> DirectLink List: []
07-11 19:33:46.192 D/WearableSDK(12300): Connectivity::broadcastWifiResults() --> DirectLink List: []
07-11 19:33:46.194 D/WearableSDK(12300): Connectivity::broadcastWifiResults() --> SideLink List: []
07-11 19:33:46.194 D/WearableSDK(12300): Connectivity::broadcastWifiResults() --> SideLink List: []
07-11 19:33:46.446 D/WearableSDK(12300): Connectivity::broadcastWifiResults() --> DirectLink List: []
07-11 19:33:46.446 D/WearableSDK(12300): Connectivity::broadcastWifiResults() --> DirectLink List: []
07-11 19:33:46.448 D/WearableSDK(12300): Connectivity::broadcastWifiResults() --> SideLink List: []
07-11 19:33:46.448 D/WearableSDK(12300): Connectivity::broadcastWifiResults() --> SideLink List: []
07-11 19:33:46.701 D/WearableSDK(12300): Connectivity::broadcastWifiResults() --> DirectLink List: []
07-11 19:33:46.701 D/WearableSDK(12300): Connectivity::broadcastWifiResults() --> DirectLink List: []
07-11 19:33:46.705 D/WearableSDK(12300): Connectivity::broadcastWifiResults() --> SideLink List: []
07-11 19:33:46.705 D/WearableSDK(12300): Connectivity::broadcastWifiResults() --> SideLink List: []
07-11 19:33:46.957 D/WearableSDK(12300): Connectivity::broadcastWifiResults() --> DirectLink List: []
07-11 19:33:46.957 D/WearableSDK(12300): Connectivity::broadcastWifiResults() --> DirectLink List: []
07-11 19:33:46.960 D/WearableSDK(12300): Connectivity::broadcastWifiResults() --> SideLink List: []
07-11 19:33:46.960 D/WearableSDK(12300): Connectivity::broadcastWifiResults() --> SideLink List: []
07-11 19:33:46.970 D/WearableSDK(12300): Connectivity::broadcastWifiResults() --> DirectLink List: []
07-11 19:33:46.970 D/WearableSDK(12300): Connectivity::broadcastWifiResults() --> DirectLink List: []
07-11 19:33:46.973 D/WearableSDK(12300): Connectivity::broadcastWifiResults() --> SideLink List: []
07-11 19:33:46.973 D/WearableSDK(12300): Connectivity::broadcastWifiResults() --> SideLink List: []
07-11 19:33:47.216 D/WearableSDK(12300): Connectivity::broadcastWifiResults() --> DirectLink List: []
07-11 19:33:47.216 D/WearableSDK(12300): Connectivity::broadcastWifiResults() --> DirectLink List: []
07-11 19:33:47.218 D/WearableSDK(12300): Connectivity::broadcastWifiResults() --> SideLink List: []
07-11 19:33:47.218 D/WearableSDK(12300): Connectivity::broadcastWifiResults() --> SideLink List: []
07-11 19:33:47.470 D/WearableSDK(12300): Connectivity::broadcastWifiResults() --> DirectLink List: []
07-11 19:33:47.470 D/WearableSDK(12300): Connectivity::broadcastWifiResults() --> DirectLink List: []
07-11 19:33:47.473 D/WearableSDK(12300): Connectivity::broadcastWifiResults() --> SideLink List: []
07-11 19:33:47.473 D/WearableSDK(12300): Connectivity::broadcastWifiResults() --> SideLink List: []
07-11 19:33:47.724 D/WearableSDK(12300): Connectivity::broadcastWifiResults() --> DirectLink List: []
07-11 19:33:47.724 D/WearableSDK(12300): Connectivity::broadcastWifiResults() --> DirectLink List: []
07-11 19:33:47.730 D/WearableSDK(12300): Connectivity::broadcastWifiResults() --> SideLink List: []
07-11 19:33:47.730 D/WearableSDK(12300): Connectivity::broadcastWifiResults() --> SideLink List: []
07-11 19:33:47.982 D/WearableSDK(12300): Connectivity::broadcastWifiResults() --> DirectLink List: []
07-11 19:33:47.982 D/WearableSDK(12300): Connectivity::broadcastWifiResults() --> DirectLink List: []
07-11 19:33:47.984 D/WearableSDK(12300): Connectivity::broadcastWifiResults() --> SideLink List: []
07-11 19:33:47.984 D/WearableSDK(12300): Connectivity::broadcastWifiResults() --> SideLink List: []
07-11 19:33:48.236 D/WearableSDK(12300): Connectivity::broadcastWifiResults() --> DirectLink List: []
07-11 19:33:48.236 D/WearableSDK(12300): Connectivity::broadcastWifiResults() --> DirectLink List: []
07-11 19:33:48.239 D/WearableSDK(12300): Connectivity::broadcastWifiResults() --> SideLink List: []
07-11 19:33:48.239 D/WearableSDK(12300): Connectivity::broadcastWifiResults() --> SideLink List: []
07-11 19:33:48.248 D/WearableSDK(12300): Connectivity::broadcastWifiResults() --> DirectLink List: []
07-11 19:33:48.248 D/WearableSDK(12300): Connectivity::broadcastWifiResults() --> DirectLink List: []
07-11 19:33:48.251 D/WearableSDK(12300): Connectivity::broadcastWifiResults() --> SideLink List: []
07-11 19:33:48.251 D/WearableSDK(12300): Connectivity::broadcastWifiResults() --> SideLink List: []
07-11 19:33:48.496 D/WearableSDK(12300): Connectivity::broadcastWifiResults() --> DirectLink List: []
07-11 19:33:48.496 D/WearableSDK(12300): Connectivity::broadcastWifiResults() --> DirectLink List: []
07-11 19:33:48.498 D/WearableSDK(12300): Connectivity::broadcastWifiResults() --> SideLink List: []
07-11 19:33:48.498 D/WearableSDK(12300): Connectivity::broadcastWifiResults() --> SideLink List: []
07-11 19:33:48.750 D/WearableSDK(12300): Connectivity::broadcastWifiResults() --> DirectLink List: []
07-11 19:33:48.750 D/WearableSDK(12300): Connectivity::broadcastWifiResults() --> DirectLink List: []
07-11 19:33:48.753 D/WearableSDK(12300): Connectivity::broadcastWifiResults() --> SideLink List: []
07-11 19:33:48.753 D/WearableSDK(12300): Connectivity::broadcastWifiResults() --> SideLink List: []
07-11 19:33:48.793 W/System  (12253): A resource failed to call end.
07-11 19:33:48.793 W/System  (12253): A resource failed to call end.
07-11 19:33:49.006 D/WearableSDK(12300): Connectivity::broadcastWifiResults() --> DirectLink List: []
07-11 19:33:49.006 D/WearableSDK(12300): Connectivity::broadcastWifiResults() --> DirectLink List: []
07-11 19:33:49.008 D/WearableSDK(12300): Connectivity::broadcastWifiResults() --> SideLink List: []
07-11 19:33:49.008 D/WearableSDK(12300): Connectivity::broadcastWifiResults() --> SideLink List: []
07-11 19:33:49.259 D/WearableSDK(12300): Connectivity::broadcastWifiResults() --> DirectLink List: []
07-11 19:33:49.259 D/WearableSDK(12300): Connectivity::broadcastWifiResults() --> DirectLink List: []
07-11 19:33:49.262 D/WearableSDK(12300): Connectivity::broadcastWifiResults() --> SideLink List: []
07-11 19:33:49.262 D/WearableSDK(12300): Connectivity::broadcastWifiResults() --> SideLink List: []
07-11 19:33:49.515 D/WearableSDK(12300): Connectivity::broadcastWifiResults() --> DirectLink List: []
07-11 19:33:49.515 D/WearableSDK(12300): Connectivity::broadcastWifiResults() --> DirectLink List: []
07-11 19:33:49.518 D/WearableSDK(12300): Connectivity::broadcastWifiResults() --> SideLink List: []
07-11 19:33:49.518 D/WearableSDK(12300): Connectivity::broadcastWifiResults() --> SideLink List: []
07-11 19:33:49.526 D/WearableSDK(12300): Connectivity::broadcastWifiResults() --> DirectLink List: []
07-11 19:33:49.526 D/WearableSDK(12300): Connectivity::broadcastWifiResults() --> DirectLink List: []
07-11 19:33:49.529 D/WearableSDK(12300): Connectivity::broadcastWifiResults() --> SideLink List: []
07-11 19:33:49.529 D/WearableSDK(12300): Connectivity::broadcastWifiResults() --> SideLink List: []
07-11 19:33:49.773 D/WearableSDK(12300): Connectivity::broadcastWifiResults() --> DirectLink List: []
07-11 19:33:49.773 D/WearableSDK(12300): Connectivity::broadcastWifiResults() --> DirectLink List: []
07-11 19:33:49.775 D/WearableSDK(12300): Connectivity::broadcastWifiResults() --> SideLink List: []
07-11 19:33:49.775 D/WearableSDK(12300): Connectivity::broadcastWifiResults() --> SideLink List: []
07-11 19:33:50.027 D/WearableSDK(12300): Connectivity::broadcastWifiResults() --> DirectLink List: []
07-11 19:33:50.027 D/WearableSDK(12300): Connectivity::broadcastWifiResults() --> DirectLink List: []
07-11 19:33:50.030 D/WearableSDK(12300): Connectivity::broadcastWifiResults() --> SideLink List: []
07-11 19:33:50.030 D/WearableSDK(12300): Connectivity::broadcastWifiResults() --> SideLink List: []
07-11 19:33:50.282 D/WearableSDK(12300): Connectivity::broadcastWifiResults() --> DirectLink List: []
07-11 19:33:50.282 D/WearableSDK(12300): Connectivity::broadcastWifiResults() --> DirectLink List: []
07-11 19:33:50.284 D/WearableSDK(12300): Connectivity::broadcastWifiResults() --> SideLink List: []
07-11 19:33:50.284 D/WearableSDK(12300): Connectivity::broadcastWifiResults() --> SideLink List: []
07-11 19:33:50.536 D/WearableSDK(12300): Connectivity::broadcastWifiResults() --> DirectLink List: []
07-11 19:33:50.536 D/WearableSDK(12300): Connectivity::broadcastWifiResults() --> DirectLink List: []
07-11 19:33:50.539 D/WearableSDK(12300): Connectivity::broadcastWifiResults() --> SideLink List: []
07-11 19:33:50.539 D/WearableSDK(12300): Connectivity::broadcastWifiResults() --> SideLink List: []
07-11 19:33:50.791 D/WearableSDK(12300): Connectivity::broadcastWifiResults() --> DirectLink List: []
07-11 19:33:50.791 D/WearableSDK(12300): Connectivity::broadcastWifiResults() --> DirectLink List: []
07-11 19:33:50.794 D/WearableSDK(12300): Connectivity::broadcastWifiResults() --> SideLink List: []
07-11 19:33:50.794 D/WearableSDK(12300): Connectivity::broadcastWifiResults() --> SideLink List: []
07-11 19:33:50.801 D/WearableSDK(12300): Connectivity::broadcastWifiResults() --> DirectLink List: []
07-11 19:33:50.801 D/WearableSDK(12300): Connectivity::broadcastWifiResults() --> DirectLink List: []
07-11 19:33:50.804 D/WearableSDK(12300): Connectivity::broadcastWifiResults() --> SideLink List: []
07-11 19:33:50.804 D/WearableSDK(12300): Connectivity::broadcastWifiResults() --> SideLink List: []
07-11 19:33:51.048 D/WearableSDK(12300): Connectivity::broadcastWifiResults() --> DirectLink List: []
07-11 19:33:51.048 D/WearableSDK(12300): Connectivity::broadcastWifiResults() --> DirectLink List: []
07-11 19:33:51.051 D/WearableSDK(12300): Connectivity::broadcastWifiResults() --> SideLink List: []
07-11 19:33:51.051 D/WearableSDK(12300): Connectivity::broadcastWifiResults() --> SideLink List: []
07-11 19:33:51.304 D/WearableSDK(12300): Connectivity::broadcastWifiResults() --> DirectLink List: []
07-11 19:33:51.304 D/WearableSDK(12300): Connectivity::broadcastWifiResults() --> DirectLink List: []
07-11 19:33:51.307 D/WearableSDK(12300): Connectivity::broadcastWifiResults() --> SideLink List: []
07-11 19:33:51.307 D/WearableSDK(12300): Connectivity::broadcastWifiResults() --> SideLink List: []
07-11 19:33:51.559 D/WearableSDK(12300): Connectivity::broadcastWifiResults() --> DirectLink List: []
07-11 19:33:51.559 D/WearableSDK(12300): Connectivity::broadcastWifiResults() --> DirectLink List: []
07-11 19:33:51.561 D/WearableSDK(12300): Connectivity::broadcastWifiResults() --> SideLink List: []
07-11 19:33:51.561 D/WearableSDK(12300): Connectivity::broadcastWifiResults() --> SideLink List: []
07-11 19:33:51.636 W/ActivityThread(12253): handleWindowVisibility: no activity for token android.os.BinderProxy@d6e2c8a
07-11 19:33:51.636 W/ActivityThread(12253): handleWindowVisibility: no activity for token android.os.BinderProxy@d6e2c8a
07-11 19:33:51.674 D/nav-drawer(12253): overriding setContentView
07-11 19:33:51.674 D/nav-drawer(12253): overriding setContentView
07-11 19:33:51.744 D/LongScreenshotUtil(12253): register longscreenshotReceiver
07-11 19:33:51.744 D/LongScreenshotUtil(12253): register longscreenshotReceiver
07-11 19:33:51.745 D/WearableSDK(12253): WearableSDK::init() - Setting up SDK for client use...
07-11 19:33:51.745 D/WearableSDK(12253): WearableSDK::init() - Setting up SDK for client use...
07-11 19:33:51.745 E/WearableSDK(12253): WearableSDK::init() - SDK init called more than once...skipping...
07-11 19:33:51.745 E/WearableSDK(12253): WearableSDK::init() - SDK init called more than once...skipping...
07-11 19:33:51.752 D/OpenGLRenderer(12253): textureCacheSize 75497472
07-11 19:33:51.752 D/OpenGLRenderer(12253): textureCacheSize 75497472
07-11 19:33:51.778 W/StaticLayout(12253): maxLineHeight should not be -1.  maxLines:1 lineCount:1
07-11 19:33:51.778 W/StaticLayout(12253): maxLineHeight should not be -1.  maxLines:1 lineCount:1
07-11 19:33:51.780 I/chatty  (12253): uid=10139(com.sandisk.connect) identical 4 lines
07-11 19:33:51.780 I/chatty  (12253): uid=10139(com.sandisk.connect) identical 4 lines
07-11 19:33:51.780 W/StaticLayout(12253): maxLineHeight should not be -1.  maxLines:1 lineCount:1
07-11 19:33:51.780 W/StaticLayout(12253): maxLineHeight should not be -1.  maxLines:1 lineCount:1
07-11 19:33:51.795 I/OpenGLRenderer(12253): queryNativeWindowStatus 0xd6afe008 query=0 dataspace=0
07-11 19:33:51.795 I/OpenGLRenderer(12253): queryNativeWindowStatus 0xd6afe008 query=0 dataspace=0
07-11 19:33:51.796 W/StaticLayout(12253): maxLineHeight should not be -1.  maxLines:1 lineCount:1
07-11 19:33:51.798 I/chatty  (12253): uid=10139(com.sandisk.connect) identical 4 lines
07-11 19:33:51.796 W/StaticLayout(12253): maxLineHeight should not be -1.  maxLines:1 lineCount:1
07-11 19:33:51.798 I/chatty  (12253): uid=10139(com.sandisk.connect) identical 4 lines
07-11 19:33:51.798 W/StaticLayout(12253): maxLineHeight should not be -1.  maxLines:1 lineCount:1
07-11 19:33:51.800 D/OpenGLRenderer(12253): textureCacheSize 75497472
07-11 19:33:51.798 W/StaticLayout(12253): maxLineHeight should not be -1.  maxLines:1 lineCount:1
07-11 19:33:51.800 D/OpenGLRenderer(12253): textureCacheSize 75497472
07-11 19:33:51.813 D/WearableSDK(12300): Connectivity::broadcastWifiResults() --> DirectLink List: []
