07-11 19:34:18.929 D/WearableSDK(12300): Connectivity::broadcastWifiResults() --> DirectLink List: []
07-11 19:34:18.929 D/WearableSDK(12300): Connectivity::broadcastWifiResults() --> DirectLink List: []
07-11 19:34:18.930 D/WearableSDK(12300): Connectivity::broadcastWifiResults() --> SideLink List: []
07-11 19:34:18.930 D/WearableSDK(12300): Connectivity::broadcastWifiResults() --> SideLink List: []
07-11 19:34:18.937 D/WearableSDK(12300): Connectivity::broadcastWifiResults() --> DirectLink List: []
07-11 19:34:18.937 D/WearableSDK(12300): Connectivity::broadcastWifiResults() --> DirectLink List: []
07-11 19:34:18.939 D/WearableSDK(12300): Connectivity::broadcastWifiResults() --> SideLink List: []
07-11 19:34:18.939 D/WearableSDK(12300): Connectivity::broadcastWifiResults() --> SideLink List: []
07-11 19:34:19.093 D/        (12253): Gralloc UnRegister  w:720, h:1440, f:0x1, usage:0xb00, ui64Stamp:165299 line = 2218
07-11 19:34:19.093 D/        (12253): Gralloc UnRegister  w:720, h:1440, f:0x1, usage:0xb00, ui64Stamp:165299 line = 2218
07-11 19:34:19.093 D/        (12253): Gralloc UnRegister  w:720, h:1440, f:0x1, usage:0xb00, ui64Stamp:165297 line = 2218
07-11 19:34:19.093 D/        (12253): Gralloc UnRegister  w:720, h:1440, f:0x1, usage:0xb00, ui64Stamp:165297 line = 2218
07-11 19:34:19.094 D/        (12253): Gralloc UnRegister  w:720, h:1440, f:0x1, usage:0xb00, ui64Stamp:165294 line = 2218
07-11 19:34:19.094 D/        (12253): Gralloc UnRegister  w:720, h:1440, f:0x1, usage:0xb00, ui64Stamp:165294 line = 2218
07-11 19:34:19.186 D/WearableSDK(12300): Connectivity::broadcastWifiResults() --> DirectLink List: []
07-11 19:34:19.186 D/WearableSDK(12300): Connectivity::broadcastWifiResults() --> DirectLink List: []
07-11 19:34:19.187 D/WearableSDK(12300): Connectivity::broadcastWifiResults() --> SideLink List: []
07-11 19:34:19.187 D/WearableSDK(12300): Connectivity::broadcastWifiResults() --> SideLink List: []
07-11 19:34:19.439 D/WearableSDK(12300): Connectivity::broadcastWifiResults() --> DirectLink List: []
07-11 19:34:19.439 D/WearableSDK(12300): Connectivity::broadcastWifiResults() --> DirectLink List: []
07-11 19:34:19.441 D/WearableSDK(12300): Connectivity::broadcastWifiResults() --> SideLink List: []
07-11 19:34:19.441 D/WearableSDK(12300): Connectivity::broadcastWifiResults() --> SideLink List: []
07-11 19:34:19.692 D/WearableSDK(12300): Connectivity::broadcastWifiResults() --> DirectLink List: []
07-11 19:34:19.692 D/WearableSDK(12300): Connectivity::broadcastWifiResults() --> DirectLink List: []
07-11 19:34:19.694 D/WearableSDK(12300): Connectivity::broadcastWifiResults() --> SideLink List: []
07-11 19:34:19.694 D/WearableSDK(12300): Connectivity::broadcastWifiResults() --> SideLink List: []
07-11 19:34:19.947 D/WearableSDK(12300): Connectivity::broadcastWifiResults() --> DirectLink List: []
07-11 19:34:19.947 D/WearableSDK(12300): Connectivity::broadcastWifiResults() --> DirectLink List: []
07-11 19:34:19.949 D/WearableSDK(12300): Connectivity::broadcastWifiResults() --> SideLink List: []
07-11 19:34:19.949 D/WearableSDK(12300): Connectivity::broadcastWifiResults() --> SideLink List: []
07-11 19:34:20.201 D/WearableSDK(12300): Connectivity::broadcastWifiResults() --> DirectLink List: []
07-11 19:34:20.201 D/WearableSDK(12300): Connectivity::broadcastWifiResults() --> DirectLink List: []
07-11 19:34:20.203 D/WearableSDK(12300): Connectivity::broadcastWifiResults() --> SideLink List: []
07-11 19:34:20.203 D/WearableSDK(12300): Connectivity::broadcastWifiResults() --> SideLink List: []
07-11 19:34:20.211 D/WearableSDK(12300): Connectivity::broadcastWifiResults() --> DirectLink List: []
07-11 19:34:20.211 D/WearableSDK(12300): Connectivity::broadcastWifiResults() --> DirectLink List: []
07-11 19:34:20.212 D/WearableSDK(12300): Connectivity::broadcastWifiResults() --> SideLink List: []
07-11 19:34:20.212 D/WearableSDK(12300): Connectivity::broadcastWifiResults() --> SideLink List: []
07-11 19:34:20.406 W/ActivityThread(12253): handleWindowVisibility: no activity for token android.os.BinderProxy@96f03ce
07-11 19:34:20.406 W/ActivityThread(12253): handleWindowVisibility: no activity for token android.os.BinderProxy@96f03ce
07-11 19:34:20.418 D/nav-drawer(12253): overriding setContentView
07-11 19:34:20.418 D/nav-drawer(12253): overriding setContentView
07-11 19:34:20.447 D/LongScreenshotUtil(12253): register longscreenshotReceiver
07-11 19:34:20.447 D/LongScreenshotUtil(12253): register longscreenshotReceiver
07-11 19:34:20.448 D/WearableSDK(12253): WearableSDK::init() - Setting up SDK for client use...
07-11 19:34:20.448 E/WearableSDK(12253): WearableSDK::init() - SDK init called more than once...skipping...
07-11 19:34:20.448 D/WearableSDK(12253): WearableSDK::init() - Setting up SDK for client use...
07-11 19:34:20.448 E/WearableSDK(12253): WearableSDK::init() - SDK init called more than once...skipping...
07-11 19:34:20.451 D/WearableSDK(12300): Connectivity::startSearchingForDevices() --> Device Search Starting...
07-11 19:34:20.451 D/WearableSDK(12300): Connectivity::startSearchingForDevices() --> Device Search Starting...
07-11 19:34:20.452 D/WearableSDK(12300): Connectivity::startSearchingForDevices() --> Current Network SSID: "IZZI-20DD"
07-11 19:34:20.452 D/WearableSDK(12300): Connectivity::startSearchingForDevices() --> Current Network SSID: "IZZI-20DD"
07-11 19:34:20.458 D/WearableSDK(12300): Connectivity::broadcastWifiResults() --> DirectLink List: []
07-11 19:34:20.458 D/WearableSDK(12300): Connectivity::broadcastWifiResults() --> DirectLink List: []
07-11 19:34:20.459 D/WearableSDK(12300): Connectivity::broadcastWifiResults() --> DirectLink List: []
07-11 19:34:20.459 D/WearableSDK(12300): Connectivity::broadcastWifiResults() --> DirectLink List: []
07-11 19:34:20.460 D/OpenGLRenderer(12253): textureCacheSize 75497472
07-11 19:34:20.460 D/WearableSDK(12300): Connectivity::broadcastWifiResults() --> SideLink List: []
07-11 19:34:20.460 D/OpenGLRenderer(12253): textureCacheSize 75497472
07-11 19:34:20.460 D/WearableSDK(12300): Connectivity::broadcastWifiResults() --> SideLink List: []
07-11 19:34:20.461 D/WearableSDK(12300): Connectivity::broadcastWifiResults() --> SideLink List: []
07-11 19:34:20.461 D/WearableSDK(12300): Connectivity::broadcastWifiResults() --> SideLink List: []
07-11 19:34:20.471 W/StaticLayout(12253): maxLineHeight should not be -1.  maxLines:1 lineCount:1
07-11 19:34:20.471 W/StaticLayout(12253): maxLineHeight should not be -1.  maxLines:1 lineCount:1
07-11 19:34:20.473 I/chatty  (12253): uid=10139(com.sandisk.connect) identical 4 lines
07-11 19:34:20.473 I/chatty  (12253): uid=10139(com.sandisk.connect) identical 4 lines
07-11 19:34:20.474 W/StaticLayout(12253): maxLineHeight should not be -1.  maxLines:1 lineCount:1
07-11 19:34:20.474 W/StaticLayout(12253): maxLineHeight should not be -1.  maxLines:1 lineCount:1
07-11 19:34:20.489 I/OpenGLRenderer(12253): queryNativeWindowStatus 0xf1df8808 query=0 dataspace=0
07-11 19:34:20.491 W/StaticLayout(12253): maxLineHeight should not be -1.  maxLines:1 lineCount:1
07-11 19:34:20.489 I/OpenGLRenderer(12253): queryNativeWindowStatus 0xf1df8808 query=0 dataspace=0
07-11 19:34:20.491 W/StaticLayout(12253): maxLineHeight should not be -1.  maxLines:1 lineCount:1
07-11 19:34:20.493 I/chatty  (12253): uid=10139(com.sandisk.connect) identical 4 lines
07-11 19:34:20.493 W/StaticLayout(12253): maxLineHeight should not be -1.  maxLines:1 lineCount:1
07-11 19:34:20.494 D/OpenGLRenderer(12253): textureCacheSize 75497472
07-11 19:34:20.493 I/chatty  (12253): uid=10139(com.sandisk.connect) identical 4 lines
07-11 19:34:20.493 W/StaticLayout(12253): maxLineHeight should not be -1.  maxLines:1 lineCount:1
07-11 19:34:20.494 D/OpenGLRenderer(12253): textureCacheSize 75497472
07-11 19:34:20.510 D/        (12253): Gralloc Register  w:720, h:1440, f:0x1, usage:0xb00, ui64Stamp:165323, sSize:4149248, line = 2106
07-11 19:34:20.510 D/        (12253): Gralloc Register  w:720, h:1440, f:0x1, usage:0xb00, ui64Stamp:165323, sSize:4149248, line = 2106
07-11 19:34:20.521 W/StaticLayout(12253): maxLineHeight should not be -1.  maxLines:1 lineCount:1
07-11 19:34:20.521 W/StaticLayout(12253): maxLineHeight should not be -1.  maxLines:1 lineCount:1
07-11 19:34:20.523 I/chatty  (12253): uid=10139(com.sandisk.connect) identical 4 lines
07-11 19:34:20.524 W/StaticLayout(12253): maxLineHeight should not be -1.  maxLines:1 lineCount:1
07-11 19:34:20.523 I/chatty  (12253): uid=10139(com.sandisk.connect) identical 4 lines
07-11 19:34:20.524 W/StaticLayout(12253): maxLineHeight should not be -1.  maxLines:1 lineCount:1
07-11 19:34:20.546 W/StaticLayout(12253): maxLineHeight should not be -1.  maxLines:1 lineCount:1
07-11 19:34:20.547 W/StaticLayout(12253): maxLineHeight should not be -1.  maxLines:1 lineCount:1
07-11 19:34:20.546 W/StaticLayout(12253): maxLineHeight should not be -1.  maxLines:1 lineCount:1
07-11 19:34:20.547 W/StaticLayout(12253): maxLineHeight should not be -1.  maxLines:1 lineCount:1
07-11 19:34:20.548 I/chatty  (12253): uid=10139(com.sandisk.connect) identical 3 lines
07-11 19:34:20.549 W/StaticLayout(12253): maxLineHeight should not be -1.  maxLines:1 lineCount:1
07-11 19:34:20.548 I/chatty  (12253): uid=10139(com.sandisk.connect) identical 3 lines
07-11 19:34:20.557 D/        (12253): Gralloc Register  w:720, h:1440, f:0x1, usage:0xb00, ui64Stamp:165327, sSize:4149248, line = 2106
07-11 19:34:20.549 W/StaticLayout(12253): maxLineHeight should not be -1.  maxLines:1 lineCount:1
07-11 19:34:20.557 D/        (12253): Gralloc Register  w:720, h:1440, f:0x1, usage:0xb00, ui64Stamp:165327, sSize:4149248, line = 2106
07-11 19:34:20.568 D/        (12253): Gralloc Register  w:720, h:1440, f:0x1, usage:0xb00, ui64Stamp:165329, sSize:4149248, line = 2106
07-11 19:34:20.568 D/        (12253): Gralloc Register  w:720, h:1440, f:0x1, usage:0xb00, ui64Stamp:165329, sSize:4149248, line = 2106
07-11 19:34:20.707 D/WearableSDK(12300): Connectivity::broadcastWifiResults() --> DirectLink List: []
07-11 19:34:20.707 D/WearableSDK(12300): Connectivity::broadcastWifiResults() --> DirectLink List: []
07-11 19:34:20.709 D/WearableSDK(12300): Connectivity::broadcastWifiResults() --> SideLink List: []
07-11 19:34:20.709 D/WearableSDK(12300): Connectivity::broadcastWifiResults() --> SideLink List: []
07-11 19:34:20.714 D/WearableSDK(12300): Connectivity::broadcastWifiResults() --> DirectLink List: []
07-11 19:34:20.714 D/WearableSDK(12300): Connectivity::broadcastWifiResults() --> DirectLink List: []
07-11 19:34:20.716 D/WearableSDK(12300): Connectivity::broadcastWifiResults() --> SideLink List: []
07-11 19:34:20.716 D/WearableSDK(12300): Connectivity::broadcastWifiResults() --> SideLink List: []
07-11 19:34:20.960 D/WearableSDK(12300): Connectivity::broadcastWifiResults() --> DirectLink List: []
07-11 19:34:20.960 D/WearableSDK(12300): Connectivity::broadcastWifiResults() --> DirectLink List: []
07-11 19:34:20.961 D/WearableSDK(12300): Connectivity::broadcastWifiResults() --> SideLink List: []
07-11 19:34:20.961 D/WearableSDK(12300): Connectivity::broadcastWifiResults() --> SideLink List: []
07-11 19:34:20.966 D/        (12253): Gralloc UnRegister  w:720, h:1440, f:0x1, usage:0xb00, ui64Stamp:165315 line = 2218
07-11 19:34:20.966 D/        (12253): Gralloc UnRegister  w:720, h:1440, f:0x1, usage:0xb00, ui64Stamp:165315 line = 2218
07-11 19:34:20.967 D/        (12253): Gralloc UnRegister  w:720, h:1440, f:0x1, usage:0xb00, ui64Stamp:165314 line = 2218
07-11 19:34:20.968 D/        (12253): Gralloc UnRegister  w:720, h:1440, f:0x1, usage:0xb00, ui64Stamp:165308 line = 2218
07-11 19:34:20.967 D/        (12253): Gralloc UnRegister  w:720, h:1440, f:0x1, usage:0xb00, ui64Stamp:165314 line = 2218
07-11 19:34:20.968 D/        (12253): Gralloc UnRegister  w:720, h:1440, f:0x1, usage:0xb00, ui64Stamp:165308 line = 2218
07-11 19:34:20.968 D/WearableSDK(12300): Connectivity::broadcastWifiResults() --> DirectLink List: []
07-11 19:34:20.968 D/WearableSDK(12300): Connectivity::broadcastWifiResults() --> DirectLink List: []
07-11 19:34:20.972 D/WearableSDK(12300): Connectivity::broadcastWifiResults() --> SideLink List: []
07-11 19:34:20.972 D/WearableSDK(12300): Connectivity::broadcastWifiResults() --> SideLink List: []
07-11 19:34:21.213 D/WearableSDK(12300): Connectivity::broadcastWifiResults() --> DirectLink List: []
07-11 19:34:21.213 D/WearableSDK(12300): Connectivity::broadcastWifiResults() --> DirectLink List: []
07-11 19:34:21.214 D/WearableSDK(12300): Connectivity::broadcastWifiResults() --> SideLink List: []
07-11 19:34:21.214 D/WearableSDK(12300): Connectivity::broadcastWifiResults() --> SideLink List: []
07-11 19:34:21.224 D/WearableSDK(12300): Connectivity::broadcastWifiResults() --> DirectLink List: []
07-11 19:34:21.224 D/WearableSDK(12300): Connectivity::broadcastWifiResults() --> DirectLink List: []
07-11 19:34:21.226 D/WearableSDK(12300): Connectivity::broadcastWifiResults() --> SideLink List: []
07-11 19:34:21.226 D/WearableSDK(12300): Connectivity::broadcastWifiResults() --> SideLink List: []
07-11 19:34:21.466 D/WearableSDK(12300): Connectivity::broadcastWifiResults() --> DirectLink List: []
07-11 19:34:21.466 D/WearableSDK(12300): Connectivity::broadcastWifiResults() --> DirectLink List: []
07-11 19:34:21.469 D/WearableSDK(12300): Connectivity::broadcastWifiResults() --> SideLink List: []
07-11 19:34:21.469 D/WearableSDK(12300): Connectivity::broadcastWifiResults() --> SideLink List: []
07-11 19:34:21.477 D/WearableSDK(12300): Connectivity::broadcastWifiResults() --> DirectLink List: []
07-11 19:34:21.477 D/WearableSDK(12300): Connectivity::broadcastWifiResults() --> DirectLink List: []
07-11 19:34:21.477 D/WearableSDK(12300): Connectivity::broadcastWifiResults() --> DirectLink List: []
07-11 19:34:21.477 D/WearableSDK(12300): Connectivity::broadcastWifiResults() --> DirectLink List: []
07-11 19:34:21.480 D/WearableSDK(12300): Connectivity::broadcastWifiResults() --> SideLink List: []
07-11 19:34:21.480 D/WearableSDK(12300): Connectivity::broadcastWifiResults() --> SideLink List: []
07-11 19:34:21.480 D/WearableSDK(12300): Connectivity::broadcastWifiResults() --> SideLink List: []
07-11 19:34:21.480 D/WearableSDK(12300): Connectivity::broadcastWifiResults() --> SideLink List: []
07-11 19:34:21.490 D/WearableSDK(12300): Connectivity::broadcastWifiResults() --> DirectLink List: []
07-11 19:34:21.490 D/WearableSDK(12300): Connectivity::broadcastWifiResults() --> DirectLink List: []
07-11 19:34:21.492 D/WearableSDK(12300): Connectivity::broadcastWifiResults() --> SideLink List: []
07-11 19:34:21.492 D/WearableSDK(12300): Connectivity::broadcastWifiResults() --> SideLink List: []
07-11 19:34:21.725 D/WearableSDK(12300): Connectivity::broadcastWifiResults() --> DirectLink List: []
07-11 19:34:21.725 D/WearableSDK(12300): Connectivity::broadcastWifiResults() --> DirectLink List: []
07-11 19:34:21.727 D/WearableSDK(12300): Connectivity::broadcastWifiResults() --> SideLink List: []
07-11 19:34:21.727 D/WearableSDK(12300): Connectivity::broadcastWifiResults() --> SideLink List: []
07-11 19:34:21.735 D/WearableSDK(12300): Connectivity::broadcastWifiResults() --> DirectLink List: []
07-11 19:34:21.735 D/WearableSDK(12300): Connectivity::broadcastWifiResults() --> DirectLink List: []
07-11 19:34:21.737 D/WearableSDK(12300): Connectivity::broadcastWifiResults() --> SideLink List: []
07-11 19:34:21.737 D/WearableSDK(12300): Connectivity::broadcastWifiResults() --> SideLink List: []
07-11 19:34:21.980 D/WearableSDK(12300): Connectivity::broadcastWifiResults() --> DirectLink List: []
07-11 19:34:21.980 D/WearableSDK(12300): Connectivity::broadcastWifiResults() --> DirectLink List: []
07-11 19:34:21.982 D/WearableSDK(12300): Connectivity::broadcastWifiResults() --> SideLink List: []
07-11 19:34:21.982 D/WearableSDK(12300): Connectivity::broadcastWifiResults() --> SideLink List: []
07-11 19:34:21.988 D/WearableSDK(12300): Connectivity::broadcastWifiResults() --> DirectLink List: []
07-11 19:34:21.988 D/WearableSDK(12300): Connectivity::broadcastWifiResults() --> DirectLink List: []
07-11 19:34:21.991 D/WearableSDK(12300): Connectivity::broadcastWifiResults() --> SideLink List: []
07-11 19:34:21.991 D/WearableSDK(12300): Connectivity::broadcastWifiResults() --> SideLink List: []
07-11 19:34:22.234 D/WearableSDK(12300): Connectivity::broadcastWifiResults() --> DirectLink List: []
07-11 19:34:22.234 D/WearableSDK(12300): Connectivity::broadcastWifiResults() --> DirectLink List: []
07-11 19:34:22.236 D/WearableSDK(12300): Connectivity::broadcastWifiResults() --> SideLink List: []
07-11 19:34:22.236 D/WearableSDK(12300): Connectivity::broadcastWifiResults() --> SideLink List: []
07-11 19:34:22.243 D/WearableSDK(12300): Connectivity::broadcastWifiResults() --> DirectLink List: []
07-11 19:34:22.243 D/WearableSDK(12300): Connectivity::broadcastWifiResults() --> DirectLink List: []
07-11 19:34:22.245 D/WearableSDK(12300): Connectivity::broadcastWifiResults() --> SideLink List: []
07-11 19:34:22.245 D/WearableSDK(12300): Connectivity::broadcastWifiResults() --> SideLink List: []
07-11 19:34:22.488 D/WearableSDK(12300): Connectivity::broadcastWifiResults() --> DirectLink List: []
07-11 19:34:22.488 D/WearableSDK(12300): Connectivity::broadcastWifiResults() --> DirectLink List: []
07-11 19:34:22.490 D/WearableSDK(12300): Connectivity::broadcastWifiResults() --> SideLink List: []
07-11 19:34:22.490 D/WearableSDK(12300): Connectivity::broadcastWifiResults() --> SideLink List: []
07-11 19:34:22.497 D/WearableSDK(12300): Connectivity::broadcastWifiResults() --> DirectLink List: []
07-11 19:34:22.497 D/WearableSDK(12300): Connectivity::broadcastWifiResults() --> DirectLink List: []
07-11 19:34:22.499 D/WearableSDK(12300): Connectivity::broadcastWifiResults() --> SideLink List: []
07-11 19:34:22.499 D/WearableSDK(12300): Connectivity::broadcastWifiResults() --> SideLink List: []
07-11 19:34:22.742 D/WearableSDK(12300): Connectivity::broadcastWifiResults() --> DirectLink List: []
07-11 19:34:22.742 D/WearableSDK(12300): Connectivity::broadcastWifiResults() --> DirectLink List: []
07-11 19:34:22.744 D/WearableSDK(12300): Connectivity::broadcastWifiResults() --> SideLink List: []
07-11 19:34:22.744 D/WearableSDK(12300): Connectivity::broadcastWifiResults() --> SideLink List: []
07-11 19:34:22.751 D/WearableSDK(12300): Connectivity::broadcastWifiResults() --> DirectLink List: []
07-11 19:34:22.751 D/WearableSDK(12300): Connectivity::broadcastWifiResults() --> DirectLink List: []
07-11 19:34:22.752 D/WearableSDK(12300): Connectivity::broadcastWifiResults() --> DirectLink List: []
07-11 19:34:22.752 D/WearableSDK(12300): Connectivity::broadcastWifiResults() --> DirectLink List: []
07-11 19:34:22.753 D/WearableSDK(12300): Connectivity::broadcastWifiResults() --> SideLink List: []
07-11 19:34:22.753 D/WearableSDK(12300): Connectivity::broadcastWifiResults() --> SideLink List: []
07-11 19:34:22.753 D/WearableSDK(12300): Connectivity::broadcastWifiResults() --> SideLink List: []
07-11 19:34:22.753 D/WearableSDK(12300): Connectivity::broadcastWifiResults() --> SideLink List: []
07-11 19:34:22.765 D/WearableSDK(12300): Connectivity::broadcastWifiResults() --> DirectLink List: []
07-11 19:34:22.765 D/WearableSDK(12300): Connectivity::broadcastWifiResults() --> DirectLink List: []
07-11 19:34:22.766 D/WearableSDK(12300): Connectivity::broadcastWifiResults() --> SideLink List: []
07-11 19:34:22.766 D/WearableSDK(12300): Connectivity::broadcastWifiResults() --> SideLink List: []
07-11 19:34:22.999 D/WearableSDK(12300): Connectivity::broadcastWifiResults() --> DirectLink List: []
07-11 19:34:22.999 D/WearableSDK(12300): Connectivity::broadcastWifiResults() --> DirectLink List: []
07-11 19:34:23.001 D/WearableSDK(12300): Connectivity::broadcastWifiResults() --> SideLink List: []
07-11 19:34:23.001 D/WearableSDK(12300): Connectivity::broadcastWifiResults() --> SideLink List: []
07-11 19:34:23.010 D/WearableSDK(12300): Connectivity::broadcastWifiResults() --> DirectLink List: []
07-11 19:34:23.010 D/WearableSDK(12300): Connectivity::broadcastWifiResults() --> DirectLink List: []
07-11 19:34:23.012 D/WearableSDK(12300): Connectivity::broadcastWifiResults() --> SideLink List: []
07-11 19:34:23.012 D/WearableSDK(12300): Connectivity::broadcastWifiResults() --> SideLink List: []
07-11 19:34:23.253 D/WearableSDK(12300): Connectivity::broadcastWifiResults() --> DirectLink List: []
07-11 19:34:23.253 D/WearableSDK(12300): Connectivity::broadcastWifiResults() --> DirectLink List: []
07-11 19:34:23.255 D/WearableSDK(12300): Connectivity::broadcastWifiResults() --> SideLink List: []
07-11 19:34:23.255 D/WearableSDK(12300): Connectivity::broadcastWifiResults() --> SideLink List: []
07-11 19:34:23.264 D/WearableSDK(12300): Connectivity::broadcastWifiResults() --> DirectLink List: []
07-11 19:34:23.264 D/WearableSDK(12300): Connectivity::broadcastWifiResults() --> DirectLink List: []
07-11 19:34:23.267 D/WearableSDK(12300): Connectivity::broadcastWifiResults() --> SideLink List: []
07-11 19:34:23.267 D/WearableSDK(12300): Connectivity::broadcastWifiResults() --> SideLink List: []
07-11 19:34:23.507 D/WearableSDK(12300): Connectivity::broadcastWifiResults() --> DirectLink List: []
07-11 19:34:23.507 D/WearableSDK(12300): Connectivity::broadcastWifiResults() --> DirectLink List: []
07-11 19:34:23.509 D/WearableSDK(12300): Connectivity::broadcastWifiResults() --> SideLink List: []
07-11 19:34:23.509 D/WearableSDK(12300): Connectivity::broadcastWifiResults() --> SideLink List: []
07-11 19:34:23.519 D/WearableSDK(12300): Connectivity::broadcastWifiResults() --> DirectLink List: []
07-11 19:34:23.519 D/WearableSDK(12300): Connectivity::broadcastWifiResults() --> DirectLink List: []
07-11 19:34:23.521 D/WearableSDK(12300): Connectivity::broadcastWifiResults() --> SideLink List: []
07-11 19:34:23.521 D/WearableSDK(12300): Connectivity::broadcastWifiResults() --> SideLink List: []
07-11 19:34:23.760 D/WearableSDK(12300): Connectivity::broadcastWifiResults() --> DirectLink List: []
07-11 19:34:23.764 D/WearableSDK(12300): Connectivity::broadcastWifiResults() --> SideLink List: []
07-11 19:34:23.760 D/WearableSDK(12300): Connectivity::broadcastWifiResults() --> DirectLink List: []
07-11 19:34:23.764 D/WearableSDK(12300): Connectivity::broadcastWifiResults() --> SideLink List: []
07-11 19:34:23.773 D/WearableSDK(12300): Connectivity::broadcastWifiResults() --> DirectLink List: []
07-11 19:34:23.773 D/WearableSDK(12300): Connectivity::broadcastWifiResults() --> DirectLink List: []
07-11 19:34:23.775 D/WearableSDK(12300): Connectivity::broadcastWifiResults() --> SideLink List: []
07-11 19:34:23.775 D/WearableSDK(12300): Connectivity::broadcastWifiResults() --> SideLink List: []
07-11 19:34:24.018 D/WearableSDK(12300): Connectivity::broadcastWifiResults() --> DirectLink List: []
07-11 19:34:24.018 D/WearableSDK(12300): Connectivity::broadcastWifiResults() --> DirectLink List: []
07-11 19:34:24.020 D/WearableSDK(12300): Connectivity::broadcastWifiResults() --> SideLink List: []
07-11 19:34:24.020 D/WearableSDK(12300): Connectivity::broadcastWifiResults() --> SideLink List: []
07-11 19:34:24.027 D/WearableSDK(12300): Connectivity::broadcastWifiResults() --> DirectLink List: []
07-11 19:34:24.027 D/WearableSDK(12300): Connectivity::broadcastWifiResults() --> DirectLink List: []
07-11 19:34:24.030 D/WearableSDK(12300): Connectivity::broadcastWifiResults() --> DirectLink List: []
07-11 19:34:24.030 D/WearableSDK(12300): Connectivity::broadcastWifiResults() --> DirectLink List: []
07-11 19:34:24.031 D/WearableSDK(12300): Connectivity::broadcastWifiResults() --> SideLink List: []
07-11 19:34:24.031 D/WearableSDK(12300): Connectivity::broadcastWifiResults() --> SideLink List: []
07-11 19:34:24.033 D/WearableSDK(12300): Connectivity::broadcastWifiResults() --> SideLink List: []
07-11 19:34:24.033 D/WearableSDK(12300): Connectivity::broadcastWifiResults() --> SideLink List: []
07-11 19:34:24.041 D/WearableSDK(12300): Connectivity::broadcastWifiResults() --> DirectLink List: []
07-11 19:34:24.041 D/WearableSDK(12300): Connectivity::broadcastWifiResults() --> DirectLink List: []
07-11 19:34:24.046 D/WearableSDK(12300): Connectivity::broadcastWifiResults() --> SideLink List: []
07-11 19:34:24.046 D/WearableSDK(12300): Connectivity::broadcastWifiResults() --> SideLink List: []
07-11 19:34:24.275 D/WearableSDK(12300): Connectivity::broadcastWifiResults() --> DirectLink List: []
07-11 19:34:24.275 D/WearableSDK(12300): Connectivity::broadcastWifiResults() --> DirectLink List: []
07-11 19:34:24.278 D/WearableSDK(12300): Connectivity::broadcastWifiResults() --> SideLink List: []
07-11 19:34:24.278 D/WearableSDK(12300): Connectivity::broadcastWifiResults() --> SideLink List: []
07-11 19:34:24.288 D/WearableSDK(12300): Connectivity::broadcastWifiResults() --> DirectLink List: []
07-11 19:34:24.288 D/WearableSDK(12300): Connectivity::broadcastWifiResults() --> DirectLink List: []
07-11 19:34:24.290 D/WearableSDK(12300): Connectivity::broadcastWifiResults() --> SideLink List: []
07-11 19:34:24.290 D/WearableSDK(12300): Connectivity::broadcastWifiResults() --> SideLink List: []
07-11 19:34:24.530 D/WearableSDK(12300): Connectivity::broadcastWifiResults() --> DirectLink List: []
07-11 19:34:24.530 D/WearableSDK(12300): Connectivity::broadcastWifiResults() --> DirectLink List: []
07-11 19:34:24.532 D/WearableSDK(12300): Connectivity::broadcastWifiResults() --> SideLink List: []
07-11 19:34:24.532 D/WearableSDK(12300): Connectivity::broadcastWifiResults() --> SideLink List: []
07-11 19:34:24.547 D/WearableSDK(12300): Connectivity::broadcastWifiResults() --> DirectLink List: []
07-11 19:34:24.547 D/WearableSDK(12300): Connectivity::broadcastWifiResults() --> DirectLink List: []
07-11 19:34:24.549 D/WearableSDK(12300): Connectivity::broadcastWifiResults() --> SideLink List: []
07-11 19:34:24.549 D/WearableSDK(12300): Connectivity::broadcastWifiResults() --> SideLink List: []
07-11 19:34:24.787 D/WearableSDK(12300): Connectivity::broadcastWifiResults() --> DirectLink List: []
07-11 19:34:24.787 D/WearableSDK(12300): Connectivity::broadcastWifiResults() --> DirectLink List: []
07-11 19:34:24.789 D/WearableSDK(12300): Connectivity::broadcastWifiResults() --> SideLink List: []
07-11 19:34:24.789 D/WearableSDK(12300): Connectivity::broadcastWifiResults() --> SideLink List: []
07-11 19:34:24.801 D/WearableSDK(12300): Connectivity::broadcastWifiResults() --> DirectLink List: []
07-11 19:34:24.801 D/WearableSDK(12300): Connectivity::broadcastWifiResults() --> DirectLink List: []
07-11 19:34:24.803 D/WearableSDK(12300): Connectivity::broadcastWifiResults() --> SideLink List: []
07-11 19:34:24.803 D/WearableSDK(12300): Connectivity::broadcastWifiResults() --> SideLink List: []
07-11 19:34:25.041 D/WearableSDK(12300): Connectivity::broadcastWifiResults() --> DirectLink List: []
07-11 19:34:25.041 D/WearableSDK(12300): Connectivity::broadcastWifiResults() --> DirectLink List: []
07-11 19:34:25.044 D/WearableSDK(12300): Connectivity::broadcastWifiResults() --> SideLink List: []
07-11 19:34:25.044 D/WearableSDK(12300): Connectivity::broadcastWifiResults() --> SideLink List: []
07-11 19:34:25.055 D/WearableSDK(12300): Connectivity::broadcastWifiResults() --> DirectLink List: []
07-11 19:34:25.055 D/WearableSDK(12300): Connectivity::broadcastWifiResults() --> DirectLink List: []
07-11 19:34:25.057 D/WearableSDK(12300): Connectivity::broadcastWifiResults() --> SideLink List: []
07-11 19:34:25.057 D/WearableSDK(12300): Connectivity::broadcastWifiResults() --> SideLink List: []
07-11 19:34:25.295 D/WearableSDK(12300): Connectivity::broadcastWifiResults() --> DirectLink List: []
07-11 19:34:25.295 D/WearableSDK(12300): Connectivity::broadcastWifiResults() --> DirectLink List: []
07-11 19:34:25.298 D/WearableSDK(12300): Connectivity::broadcastWifiResults() --> SideLink List: []
07-11 19:34:25.298 D/WearableSDK(12300): Connectivity::broadcastWifiResults() --> SideLink List: []
07-11 19:34:25.305 D/WearableSDK(12300): Connectivity::broadcastWifiResults() --> DirectLink List: []
07-11 19:34:25.305 D/WearableSDK(12300): Connectivity::broadcastWifiResults() --> DirectLink List: []
07-11 19:34:25.307 D/WearableSDK(12300): Connectivity::broadcastWifiResults() --> SideLink List: []
07-11 19:34:25.307 D/WearableSDK(12300): Connectivity::broadcastWifiResults() --> SideLink List: []
07-11 19:34:25.310 D/WearableSDK(12300): Connectivity::broadcastWifiResults() --> DirectLink List: []
07-11 19:34:25.310 D/WearableSDK(12300): Connectivity::broadcastWifiResults() --> DirectLink List: []
07-11 19:34:25.312 D/WearableSDK(12300): Connectivity::broadcastWifiResults() --> SideLink List: []
07-11 19:34:25.312 D/WearableSDK(12300): Connectivity::broadcastWifiResults() --> SideLink List: []
07-11 19:34:25.320 D/WearableSDK(12300): Connectivity::broadcastWifiResults() --> DirectLink List: []
07-11 19:34:25.320 D/WearableSDK(12300): Connectivity::broadcastWifiResults() --> DirectLink List: []
07-11 19:34:25.322 D/WearableSDK(12300): Connectivity::broadcastWifiResults() --> SideLink List: []
07-11 19:34:25.322 D/WearableSDK(12300): Connectivity::broadcastWifiResults() --> SideLink List: []
07-11 19:34:25.552 D/WearableSDK(12300): Connectivity::broadcastWifiResults() --> DirectLink List: []
07-11 19:34:25.552 D/WearableSDK(12300): Connectivity::broadcastWifiResults() --> DirectLink List: []
07-11 19:34:25.554 D/WearableSDK(12300): Connectivity::broadcastWifiResults() --> SideLink List: []
07-11 19:34:25.554 D/WearableSDK(12300): Connectivity::broadcastWifiResults() --> SideLink List: []
07-11 19:34:25.568 D/WearableSDK(12300): Connectivity::broadcastWifiResults() --> DirectLink List: []
07-11 19:34:25.568 D/WearableSDK(12300): Connectivity::broadcastWifiResults() --> DirectLink List: []
07-11 19:34:25.570 D/WearableSDK(12300): Connectivity::broadcastWifiResults() --> SideLink List: []
07-11 19:34:25.570 D/WearableSDK(12300): Connectivity::broadcastWifiResults() --> SideLink List: []
07-11 19:34:25.806 D/WearableSDK(12300): Connectivity::broadcastWifiResults() --> DirectLink List: []
07-11 19:34:25.806 D/WearableSDK(12300): Connectivity::broadcastWifiResults() --> DirectLink List: []
07-11 19:34:25.809 D/WearableSDK(12300): Connectivity::broadcastWifiResults() --> SideLink List: []
07-11 19:34:25.809 D/WearableSDK(12300): Connectivity::broadcastWifiResults() --> SideLink List: []
07-11 19:34:25.822 D/WearableSDK(12300): Connectivity::broadcastWifiResults() --> DirectLink List: []
07-11 19:34:25.822 D/WearableSDK(12300): Connectivity::broadcastWifiResults() --> DirectLink List: []
07-11 19:34:25.824 D/WearableSDK(12300): Connectivity::broadcastWifiResults() --> SideLink List: []
07-11 19:34:25.824 D/WearableSDK(12300): Connectivity::broadcastWifiResults() --> SideLink List: []
07-11 19:34:26.061 D/WearableSDK(12300): Connectivity::broadcastWifiResults() --> DirectLink List: []
07-11 19:34:26.061 D/WearableSDK(12300): Connectivity::broadcastWifiResults() --> DirectLink List: []
07-11 19:34:26.063 D/WearableSDK(12300): Connectivity::broadcastWifiResults() --> SideLink List: []
07-11 19:34:26.063 D/WearableSDK(12300): Connectivity::broadcastWifiResults() --> SideLink List: []
07-11 19:34:26.076 D/WearableSDK(12300): Connectivity::broadcastWifiResults() --> DirectLink List: []
07-11 19:34:26.076 D/WearableSDK(12300): Connectivity::broadcastWifiResults() --> DirectLink List: []
07-11 19:34:26.079 D/WearableSDK(12300): Connectivity::broadcastWifiResults() --> SideLink List: []
07-11 19:34:26.079 D/WearableSDK(12300): Connectivity::broadcastWifiResults() --> SideLink List: []
07-11 19:34:26.315 D/WearableSDK(12300): Connectivity::broadcastWifiResults() --> DirectLink List: []
07-11 19:34:26.315 D/WearableSDK(12300): Connectivity::broadcastWifiResults() --> DirectLink List: []
07-11 19:34:26.318 D/WearableSDK(12300): Connectivity::broadcastWifiResults() --> SideLink List: []
07-11 19:34:26.318 D/WearableSDK(12300): Connectivity::broadcastWifiResults() --> SideLink List: []
07-11 19:34:26.331 D/WearableSDK(12300): Connectivity::broadcastWifiResults() --> DirectLink List: []
07-11 19:34:26.331 D/WearableSDK(12300): Connectivity::broadcastWifiResults() --> DirectLink List: []
07-11 19:34:26.333 D/WearableSDK(12300): Connectivity::broadcastWifiResults() --> SideLink List: []
07-11 19:34:26.333 D/WearableSDK(12300): Connectivity::broadcastWifiResults() --> SideLink List: []
07-11 19:34:26.570 D/WearableSDK(12300): Connectivity::broadcastWifiResults() --> DirectLink List: []
07-11 19:34:26.570 D/WearableSDK(12300): Connectivity::broadcastWifiResults() --> DirectLink List: []
07-11 19:34:26.572 D/WearableSDK(12300): Connectivity::broadcastWifiResults() --> SideLink List: []
07-11 19:34:26.572 D/WearableSDK(12300): Connectivity::broadcastWifiResults() --> SideLink List: []
07-11 19:34:26.580 D/WearableSDK(12300): Connectivity::broadcastWifiResults() --> DirectLink List: []
07-11 19:34:26.580 D/WearableSDK(12300): Connectivity::broadcastWifiResults() --> DirectLink List: []
07-11 19:34:26.582 D/WearableSDK(12300): Connectivity::broadcastWifiResults() --> SideLink List: []
07-11 19:34:26.582 D/WearableSDK(12300): Connectivity::broadcastWifiResults() --> SideLink List: []
07-11 19:34:26.585 D/WearableSDK(12300): Connectivity::broadcastWifiResults() --> DirectLink List: []
07-11 19:34:26.585 D/WearableSDK(12300): Connectivity::broadcastWifiResults() --> DirectLink List: []
07-11 19:34:26.588 D/WearableSDK(12300): Connectivity::broadcastWifiResults() --> SideLink List: []
07-11 19:34:26.588 D/WearableSDK(12300): Connectivity::broadcastWifiResults() --> SideLink List: []
07-11 19:34:26.595 D/WearableSDK(12300): Connectivity::broadcastWifiResults() --> DirectLink List: []
07-11 19:34:26.595 D/WearableSDK(12300): Connectivity::broadcastWifiResults() --> DirectLink List: []
07-11 19:34:26.597 D/WearableSDK(12300): Connectivity::broadcastWifiResults() --> SideLink List: []
07-11 19:34:26.597 D/WearableSDK(12300): Connectivity::broadcastWifiResults() --> SideLink List: []
07-11 19:34:26.828 D/WearableSDK(12300): Connectivity::broadcastWifiResults() --> DirectLink List: []
07-11 19:34:26.828 D/WearableSDK(12300): Connectivity::broadcastWifiResults() --> DirectLink List: []
07-11 19:34:26.830 D/WearableSDK(12300): Connectivity::broadcastWifiResults() --> SideLink List: []
07-11 19:34:26.830 D/WearableSDK(12300): Connectivity::broadcastWifiResults() --> SideLink List: []
07-11 19:34:26.844 D/WearableSDK(12300): Connectivity::broadcastWifiResults() --> DirectLink List: []
07-11 19:34:26.844 D/WearableSDK(12300): Connectivity::broadcastWifiResults() --> DirectLink List: []
07-11 19:34:26.847 D/WearableSDK(12300): Connectivity::broadcastWifiResults() --> SideLink List: []
07-11 19:34:26.847 D/WearableSDK(12300): Connectivity::broadcastWifiResults() --> SideLink List: []
07-11 19:34:27.082 D/WearableSDK(12300): Connectivity::broadcastWifiResults() --> DirectLink List: []
07-11 19:34:27.082 D/WearableSDK(12300): Connectivity::broadcastWifiResults() --> DirectLink List: []
07-11 19:34:27.084 D/WearableSDK(12300): Connectivity::broadcastWifiResults() --> SideLink List: []
07-11 19:34:27.084 D/WearableSDK(12300): Connectivity::broadcastWifiResults() --> SideLink List: []
07-11 19:34:27.099 D/WearableSDK(12300): Connectivity::broadcastWifiResults() --> DirectLink List: []
07-11 19:34:27.099 D/WearableSDK(12300): Connectivity::broadcastWifiResults() --> DirectLink List: []
07-11 19:34:27.101 D/WearableSDK(12300): Connectivity::broadcastWifiResults() --> SideLink List: []
07-11 19:34:27.101 D/WearableSDK(12300): Connectivity::broadcastWifiResults() --> SideLink List: []
07-11 19:34:27.300 I/connectivity.v(12300): Waiting for a blocking GC ProfileSaver
07-11 19:34:27.300 I/connectivity.v(12300): Waiting for a blocking GC ProfileSaver
07-11 19:34:27.318 I/connectivity.v(12300): WaitForGcToComplete blocked ProfileSaver on HeapTrim for 18.010ms
07-11 19:34:27.318 I/connectivity.v(12300): WaitForGcToComplete blocked ProfileSaver on HeapTrim for 18.010ms
07-11 19:34:27.336 D/WearableSDK(12300): Connectivity::broadcastWifiResults() --> DirectLink List: []
07-11 19:34:27.336 D/WearableSDK(12300): Connectivity::broadcastWifiResults() --> DirectLink List: []
07-11 19:34:27.340 D/WearableSDK(12300): Connectivity::broadcastWifiResults() --> SideLink List: []
07-11 19:34:27.340 D/WearableSDK(12300): Connectivity::broadcastWifiResults() --> SideLink List: []
07-11 19:34:27.353 D/WearableSDK(12300): Connectivity::broadcastWifiResults() --> DirectLink List: []
07-11 19:34:27.353 D/WearableSDK(12300): Connectivity::broadcastWifiResults() --> DirectLink List: []
07-11 19:34:27.355 D/WearableSDK(12300): Connectivity::broadcastWifiResults() --> SideLink List: []
07-11 19:34:27.355 D/WearableSDK(12300): Connectivity::broadcastWifiResults() --> SideLink List: []
07-11 19:34:27.592 D/WearableSDK(12300): Connectivity::broadcastWifiResults() --> DirectLink List: []
07-11 19:34:27.592 D/WearableSDK(12300): Connectivity::broadcastWifiResults() --> DirectLink List: []
07-11 19:34:27.594 D/WearableSDK(12300): Connectivity::broadcastWifiResults() --> SideLink List: []
07-11 19:34:27.594 D/WearableSDK(12300): Connectivity::broadcastWifiResults() --> SideLink List: []
07-11 19:34:27.608 D/WearableSDK(12300): Connectivity::broadcastWifiResults() --> DirectLink List: []
07-11 19:34:27.608 D/WearableSDK(12300): Connectivity::broadcastWifiResults() --> DirectLink List: []
07-11 19:34:27.610 D/WearableSDK(12300): Connectivity::broadcastWifiResults() --> SideLink List: []
07-11 19:34:27.610 D/WearableSDK(12300): Connectivity::broadcastWifiResults() --> SideLink List: []
07-11 19:34:27.846 D/WearableSDK(12300): Connectivity::broadcastWifiResults() --> DirectLink List: []
07-11 19:34:27.846 D/WearableSDK(12300): Connectivity::broadcastWifiResults() --> DirectLink List: []
07-11 19:34:27.848 D/WearableSDK(12300): Connectivity::broadcastWifiResults() --> SideLink List: []
07-11 19:34:27.848 D/WearableSDK(12300): Connectivity::broadcastWifiResults() --> SideLink List: []
07-11 19:34:27.859 D/WearableSDK(12300): Connectivity::broadcastWifiResults() --> DirectLink List: []
07-11 19:34:27.859 D/WearableSDK(12300): Connectivity::broadcastWifiResults() --> DirectLink List: []
07-11 19:34:27.861 D/WearableSDK(12300): Connectivity::broadcastWifiResults() --> SideLink List: []
07-11 19:34:27.861 D/WearableSDK(12300): Connectivity::broadcastWifiResults() --> SideLink List: []
07-11 19:34:27.862 D/WearableSDK(12300): Connectivity::broadcastWifiResults() --> DirectLink List: []
07-11 19:34:27.862 D/WearableSDK(12300): Connectivity::broadcastWifiResults() --> DirectLink List: []
07-11 19:34:27.866 D/WearableSDK(12300): Connectivity::broadcastWifiResults() --> SideLink List: []
07-11 19:34:27.866 D/WearableSDK(12300): Connectivity::broadcastWifiResults() --> SideLink List: []
07-11 19:34:27.875 D/WearableSDK(12300): Connectivity::broadcastWifiResults() --> DirectLink List: []
07-11 19:34:27.875 D/WearableSDK(12300): Connectivity::broadcastWifiResults() --> DirectLink List: []
07-11 19:34:27.877 D/WearableSDK(12300): Connectivity::broadcastWifiResults() --> SideLink List: []
07-11 19:34:27.877 D/WearableSDK(12300): Connectivity::broadcastWifiResults() --> SideLink List: []
07-11 19:34:28.107 D/WearableSDK(12300): Connectivity::broadcastWifiResults() --> DirectLink List: []
07-11 19:34:28.107 D/WearableSDK(12300): Connectivity::broadcastWifiResults() --> DirectLink List: []
07-11 19:34:28.109 D/WearableSDK(12300): Connectivity::broadcastWifiResults() --> SideLink List: []
07-11 19:34:28.109 D/WearableSDK(12300): Connectivity::broadcastWifiResults() --> SideLink List: []
07-11 19:34:28.123 D/WearableSDK(12300): Connectivity::broadcastWifiResults() --> DirectLink List: []
07-11 19:34:28.123 D/WearableSDK(12300): Connectivity::broadcastWifiResults() --> DirectLink List: []
07-11 19:34:28.125 D/WearableSDK(12300): Connectivity::broadcastWifiResults() --> SideLink List: []
07-11 19:34:28.125 D/WearableSDK(12300): Connectivity::broadcastWifiResults() --> SideLink List: []
07-11 19:34:28.229 E/SDIN    (12253): onStartCommand action = com.sandisk.connect.ui.devicebrowser.music.service.action.PAUSE
07-11 19:34:28.229 E/        (12253): stopTimer already called
07-11 19:34:28.229 E/SDIN    (12253): onStartCommand action = com.sandisk.connect.ui.devicebrowser.music.service.action.PAUSE
07-11 19:34:28.229 E/        (12253): stopTimer already called
07-11 19:34:28.361 D/WearableSDK(12300): Connectivity::broadcastWifiResults() --> DirectLink List: []
07-11 19:34:28.361 D/WearableSDK(12300): Connectivity::broadcastWifiResults() --> DirectLink List: []
07-11 19:34:28.365 D/WearableSDK(12300): Connectivity::broadcastWifiResults() --> SideLink List: []
07-11 19:34:28.365 D/WearableSDK(12300): Connectivity::broadcastWifiResults() --> SideLink List: []
07-11 19:34:28.377 D/WearableSDK(12300): Connectivity::broadcastWifiResults() --> DirectLink List: []
07-11 19:34:28.377 D/WearableSDK(12300): Connectivity::broadcastWifiResults() --> DirectLink List: []
07-11 19:34:28.379 D/WearableSDK(12300): Connectivity::broadcastWifiResults() --> SideLink List: []
07-11 19:34:28.379 D/WearableSDK(12300): Connectivity::broadcastWifiResults() --> SideLink List: []
07-11 19:34:28.617 D/WearableSDK(12300): Connectivity::broadcastWifiResults() --> DirectLink List: []
07-11 19:34:28.617 D/WearableSDK(12300): Connectivity::broadcastWifiResults() --> DirectLink List: []
07-11 19:34:28.619 D/WearableSDK(12300): Connectivity::broadcastWifiResults() --> SideLink List: []
07-11 19:34:28.619 D/WearableSDK(12300): Connectivity::broadcastWifiResults() --> SideLink List: []
07-11 19:34:28.631 D/WearableSDK(12300): Connectivity::broadcastWifiResults() --> DirectLink List: []
07-11 19:34:28.631 D/WearableSDK(12300): Connectivity::broadcastWifiResults() --> DirectLink List: []
07-11 19:34:28.634 D/WearableSDK(12300): Connectivity::broadcastWifiResults() --> SideLink List: []
07-11 19:34:28.634 D/WearableSDK(12300): Connectivity::broadcastWifiResults() --> SideLink List: []
07-11 19:34:28.871 D/WearableSDK(12300): Connectivity::broadcastWifiResults() --> DirectLink List: []
07-11 19:34:28.871 D/WearableSDK(12300): Connectivity::broadcastWifiResults() --> DirectLink List: []
07-11 19:34:28.873 D/WearableSDK(12300): Connectivity::broadcastWifiResults() --> SideLink List: []
07-11 19:34:28.873 D/WearableSDK(12300): Connectivity::broadcastWifiResults() --> SideLink List: []
07-11 19:34:28.886 D/WearableSDK(12300): Connectivity::broadcastWifiResults() --> DirectLink List: []
07-11 19:34:28.886 D/WearableSDK(12300): Connectivity::broadcastWifiResults() --> DirectLink List: []
07-11 19:34:28.888 D/WearableSDK(12300): Connectivity::broadcastWifiResults() --> SideLink List: []
07-11 19:34:28.888 D/WearableSDK(12300): Connectivity::broadcastWifiResults() --> SideLink List: []
07-11 19:34:29.125 D/WearableSDK(12300): Connectivity::broadcastWifiResults() --> DirectLink List: []
07-11 19:34:29.125 D/WearableSDK(12300): Connectivity::broadcastWifiResults() --> DirectLink List: []
07-11 19:34:29.127 D/WearableSDK(12300): Connectivity::broadcastWifiResults() --> SideLink List: []
07-11 19:34:29.127 D/WearableSDK(12300): Connectivity::broadcastWifiResults() --> SideLink List: []
07-11 19:34:29.136 D/WearableSDK(12300): Connectivity::broadcastWifiResults() --> DirectLink List: []
07-11 19:34:29.136 D/WearableSDK(12300): Connectivity::broadcastWifiResults() --> DirectLink List: []
07-11 19:34:29.138 D/WearableSDK(12300): Connectivity::broadcastWifiResults() --> SideLink List: []
07-11 19:34:29.138 D/WearableSDK(12300): Connectivity::broadcastWifiResults() --> SideLink List: []
07-11 19:34:29.141 D/WearableSDK(12300): Connectivity::broadcastWifiResults() --> DirectLink List: []
07-11 19:34:29.141 D/WearableSDK(12300): Connectivity::broadcastWifiResults() --> DirectLink List: []
07-11 19:34:29.146 D/WearableSDK(12300): Connectivity::broadcastWifiResults() --> SideLink List: []
07-11 19:34:29.146 D/WearableSDK(12300): Connectivity::broadcastWifiResults() --> SideLink List: []
07-11 19:34:29.153 D/WearableSDK(12300): Connectivity::broadcastWifiResults() --> DirectLink List: []
07-11 19:34:29.153 D/WearableSDK(12300): Connectivity::broadcastWifiResults() --> DirectLink List: []
07-11 19:34:29.154 D/WearableSDK(12300): Connectivity::broadcastWifiResults() --> SideLink List: []
07-11 19:34:29.154 D/WearableSDK(12300): Connectivity::broadcastWifiResults() --> SideLink List: []
07-11 19:34:29.384 D/WearableSDK(12300): Connectivity::broadcastWifiResults() --> DirectLink List: []
07-11 19:34:29.384 D/WearableSDK(12300): Connectivity::broadcastWifiResults() --> DirectLink List: []
07-11 19:34:29.388 D/WearableSDK(12300): Connectivity::broadcastWifiResults() --> SideLink List: []
07-11 19:34:29.388 D/WearableSDK(12300): Connectivity::broadcastWifiResults() --> SideLink List: []
07-11 19:34:29.400 D/WearableSDK(12300): Connectivity::broadcastWifiResults() --> DirectLink List: []
07-11 19:34:29.400 D/WearableSDK(12300): Connectivity::broadcastWifiResults() --> DirectLink List: []
07-11 19:34:29.402 D/WearableSDK(12300): Connectivity::broadcastWifiResults() --> SideLink List: []
07-11 19:34:29.402 D/WearableSDK(12300): Connectivity::broadcastWifiResults() --> SideLink List: []
07-11 19:34:29.642 D/WearableSDK(12300): Connectivity::broadcastWifiResults() --> DirectLink List: []
07-11 19:34:29.642 D/WearableSDK(12300): Connectivity::broadcastWifiResults() --> DirectLink List: []
07-11 19:34:29.644 D/WearableSDK(12300): Connectivity::broadcastWifiResults() --> SideLink List: []
07-11 19:34:29.644 D/WearableSDK(12300): Connectivity::broadcastWifiResults() --> SideLink List: []
07-11 19:34:29.654 D/WearableSDK(12300): Connectivity::broadcastWifiResults() --> DirectLink List: []
07-11 19:34:29.654 D/WearableSDK(12300): Connectivity::broadcastWifiResults() --> DirectLink List: []
07-11 19:34:29.657 D/WearableSDK(12300): Connectivity::broadcastWifiResults() --> SideLink List: []
07-11 19:34:29.657 D/WearableSDK(12300): Connectivity::broadcastWifiResults() --> SideLink List: []
07-11 19:34:29.896 D/WearableSDK(12300): Connectivity::broadcastWifiResults() --> DirectLink List: []
07-11 19:34:29.896 D/WearableSDK(12300): Connectivity::broadcastWifiResults() --> DirectLink List: []
07-11 19:34:29.898 D/WearableSDK(12300): Connectivity::broadcastWifiResults() --> SideLink List: []
07-11 19:34:29.898 D/WearableSDK(12300): Connectivity::broadcastWifiResults() --> SideLink List: []
07-11 19:34:29.910 D/WearableSDK(12300): Connectivity::broadcastWifiResults() --> DirectLink List: []
07-11 19:34:29.910 D/WearableSDK(12300): Connectivity::broadcastWifiResults() --> DirectLink List: []
07-11 19:34:29.912 D/WearableSDK(12300): Connectivity::broadcastWifiResults() --> SideLink List: []
07-11 19:34:29.912 D/WearableSDK(12300): Connectivity::broadcastWifiResults() --> SideLink List: []
07-11 19:34:30.150 D/WearableSDK(12300): Connectivity::broadcastWifiResults() --> DirectLink List: []
07-11 19:34:30.150 D/WearableSDK(12300): Connectivity::broadcastWifiResults() --> DirectLink List: []
07-11 19:34:30.152 D/WearableSDK(12300): Connectivity::broadcastWifiResults() --> SideLink List: []
07-11 19:34:30.152 D/WearableSDK(12300): Connectivity::broadcastWifiResults() --> SideLink List: []
07-11 19:34:30.164 D/WearableSDK(12300): Connectivity::broadcastWifiResults() --> DirectLink List: []
07-11 19:34:30.164 D/WearableSDK(12300): Connectivity::broadcastWifiResults() --> DirectLink List: []
07-11 19:34:30.166 D/WearableSDK(12300): Connectivity::broadcastWifiResults() --> SideLink List: []
07-11 19:34:30.166 D/WearableSDK(12300): Connectivity::broadcastWifiResults() --> SideLink List: []
07-11 19:34:30.405 D/WearableSDK(12300): Connectivity::broadcastWifiResults() --> DirectLink List: []
07-11 19:34:30.405 D/WearableSDK(12300): Connectivity::broadcastWifiResults() --> DirectLink List: []
07-11 19:34:30.408 D/WearableSDK(12300): Connectivity::broadcastWifiResults() --> SideLink List: []
07-11 19:34:30.408 D/WearableSDK(12300): Connectivity::broadcastWifiResults() --> SideLink List: []
07-11 19:34:30.415 D/WearableSDK(12300): Connectivity::broadcastWifiResults() --> DirectLink List: []
07-11 19:34:30.415 D/WearableSDK(12300): Connectivity::broadcastWifiResults() --> DirectLink List: []
07-11 19:34:30.418 D/WearableSDK(12300): Connectivity::broadcastWifiResults() --> SideLink List: []
07-11 19:34:30.418 D/WearableSDK(12300): Connectivity::broadcastWifiResults() --> SideLink List: []
07-11 19:34:30.419 D/WearableSDK(12300): Connectivity::broadcastWifiResults() --> DirectLink List: []
07-11 19:34:30.419 D/WearableSDK(12300): Connectivity::broadcastWifiResults() --> DirectLink List: []
07-11 19:34:30.424 D/WearableSDK(12300): Connectivity::broadcastWifiResults() --> SideLink List: []
07-11 19:34:30.424 D/WearableSDK(12300): Connectivity::broadcastWifiResults() --> SideLink List: []
07-11 19:34:30.431 D/WearableSDK(12300): Connectivity::broadcastWifiResults() --> DirectLink List: []
07-11 19:34:30.431 D/WearableSDK(12300): Connectivity::broadcastWifiResults() --> DirectLink List: []
07-11 19:34:30.437 D/WearableSDK(12300): Connectivity::broadcastWifiResults() --> SideLink List: []
07-11 19:34:30.437 D/WearableSDK(12300): Connectivity::broadcastWifiResults() --> SideLink List: []
07-11 19:34:30.663 D/WearableSDK(12300): Connectivity::broadcastWifiResults() --> DirectLink List: []
07-11 19:34:30.663 D/WearableSDK(12300): Connectivity::broadcastWifiResults() --> DirectLink List: []
07-11 19:34:30.667 D/WearableSDK(12300): Connectivity::broadcastWifiResults() --> SideLink List: []
07-11 19:34:30.667 D/WearableSDK(12300): Connectivity::broadcastWifiResults() --> SideLink List: []
07-11 19:34:30.679 D/WearableSDK(12300): Connectivity::broadcastWifiResults() --> DirectLink List: []
